data/saved_data/run_2025_05_03_1652_all_necessities_randomly_selected/firm_data.csv
Step,AgentID,FirmType,Profit,Inventory,ProductPrice,RevenuePerEmployee,ProductionLevel,NumEmployees,DemandReceived,InventoryDemandRatio,SellThroughRate,ProductionCapacity,Revenue,Costs,Markup,ProducedUnits,IncomeBracket,NumPeople,SpendRatio,PostTaxIncome,HouseholdExpense,HouseholdSavings,HealthLevel,Welfare,SkillLevel,SkillType,JobLevel,IsEmployed,Wage
5,40,luxury,-905673.1483593216,507.29999999999995,34461.39276832765,2122.7243652353677,0.1,52.0,18.0,,,393.0,112504.39135747448,1018177.5397167961,0.32,39.0,,,,,,,,,,,,0,
6,40,luxury,-10623143.992978936,528.3,367574.2868591532,11928.943650574956,0.1,53.0,1.0,,,393.0,620305.0698298977,11243449.062808834,0.275,39.0,,,,,,,,,,,,0,
7,40,luxury,-669664.946237658,566.3,32978.88759131175,6935.363903002891,0.1,52.0,0.0,,,393.0,367574.2868591532,1037239.2330968112,0.24000000000000002,39.0,,,,,,,,,,,,0,
8,40,luxury,-11243449.062808834,605.3,332979.0598606447,0.0,0.1,51.0,0.0,,,393.0,0.0,11243449.062808834,0.15500000000000003,39.0,,,,,,,,,,,,0,
9,40,luxury,-11027289.062808834,644.3,302543.5639656895,0.0,0.1,52.0,0.0,,,393.0,0.0,11027289.062808834,0.07000000000000002,39.0,,,,,,,,,,,,0,
10,40,luxury,-907605.7756830831,683.3,23504.661793211595,0.0,0.1,53.0,13.0,,,393.0,0.0,907605.7756830831,0.01,39.0,,,,,,,,,,,,0,
11,40,luxury,-2217260.9097188595,709.3,65334.60673913614,5765.294402108505,0.1,54.0,5.0,,,393.0,305560.60331175075,2522821.51303061,0.01,39.0,,,,,,,,,,,,0,
12,40,luxury,-3274263.343988131,743.3,93255.01662065726,6049.500623994088,0.1,55.0,3.0,,,393.0,326673.03369568073,3600936.3776838114,0.01,39.0,,,,,,,,,,,,0,
13,40,luxury,-4050060.1213812693,779.3,112131.36694421299,5086.637270217669,0.1,54.0,8.0,,,393.0,279765.04986197175,4329825.171243241,0.01,39.0,,,,,,,,,,,,0,
14,40,luxury,-1817558.4983420102,810.3,70301.42199828845,16612.054362105628,0.1,55.0,14.0,,,393.0,897050.9355537039,2714609.433895714,0.01,39.0,,,,,,,,,,,,0,
15,40,luxury,-3303275.1845982685,835.3,111035.12647345959,17894.90741774615,0.1,56.0,1.0,,,393.0,984219.9079760383,4287495.092574307,0.01,39.0,,,,,,,,,,,,0,
16,40,luxury,-5082173.399984769,873.3,134490.78146748792,1982.7701155974926,0.1,55.0,9.0,,,393.0,111035.12647345959,5193208.526458228,0.01,39.0,,,,,,,,,,,,0,
17,40,luxury,-2409905.834572244,903.3,93757.0769923168,22007.58242195257,0.1,56.0,6.0,,,393.0,1210417.0332073914,3620322.8677796354,0.01,39.0,,,,,,,,,,,,0,
18,40,luxury,-4662727.9692356335,936.3,135321.10256872635,10045.401106319656,0.1,55.0,2.0,,,393.0,562542.4619539008,5225270.431189534,0.01,39.0,,,,,,,,,,,,0,
19,40,luxury,-3349680.662642183,973.3,93757.0769923168,4920.767366135504,0.1,54.0,0.0,,,393.0,270642.2051374527,3620322.8677796354,0.01,39.0,,,,,,,,,,,,0,
20,40,luxury,-2715846.154905387,1012.3,70333.44990053824,0.0,0.1,53.0,1.0,,,393.0,0.0,2715846.154905387,0.01,39.0,,,,,,,,,,,,0,
21,40,luxury,-1739799.2711209275,1050.3,46877.79490650989,1327.0462245384574,0.1,54.0,10.0,,,393.0,70333.44990053824,1810132.7210214657,0.01,39.0,,,,,,,,,,,,0,
22,40,luxury,-2276533.9773300583,1079.3,71096.5378092967,8681.073130835164,0.1,55.0,11.0,,,393.0,468777.9490650989,2745311.9263951574,0.01,39.0,,,,,,,,,,,,0,
23,40,luxury,-3488462.648654449,1107.3,110595.63332324734,14219.307561859341,0.1,56.0,7.0,,,393.0,782061.9159022637,4270524.564556712,0.01,39.0,,,,,,,,,,,,0,
24,40,luxury,-4545560.262125077,1139.3,137767.35524549568,13824.454165405918,0.1,55.0,0.0,,,393.0,774169.4332627314,5319729.695387809,0.01,39.0,,,,,,,,,,,,0,
25,40,luxury,-3794517.0572262537,1178.3,98268.25973154504,0.0,0.1,54.0,9.0,,,393.0,0.0,3794517.0572262537,0.01,39.0,,,,,,,,,,,,0,
26,40,luxury,-1974923.5142686574,1208.3,74049.51682875825,16378.04328859084,0.1,55.0,15.0,,,393.0,884414.3375839053,2859337.8518525627,0.01,39.0,,,,,,,,,,,,0,
27,40,luxury,-3301463.845349998,1232.3,114264.83460241927,20195.322771479525,0.1,56.0,14.0,,,393.0,1110742.7524313738,4412206.597781372,0.01,39.0,,,,,,,,,,,,0,
28,40,luxury,-3770324.882875981,1257.3,139070.07061315075,28566.208650604818,0.1,57.0,5.0,,,393.0,1599707.6844338698,5370032.567309851,0.01,39.0,,,,,,,,,,,,0,
29,40,luxury,-5644628.084819888,1291.3,164189.1809762902,12199.129001153573,0.1,56.0,2.0,,,393.0,695350.3530657537,6339978.437885641,0.01,39.0,,,,,,,,,,,,0,
30,40,luxury,-4458731.330004251,1328.3,123973.86320262915,5863.899320581792,0.1,55.0,5.0,,,393.0,328378.3619525804,4787109.691956831,0.01,39.0,,,,,,,,,,,,0,
31,40,luxury,-3209414.406415207,1362.3,99168.62719189767,11270.351200239013,0.1,56.0,4.0,,,393.0,619869.3160131457,3829283.7224283526,0.01,39.0,,,,,,,,,,,,0,
32,40,luxury,-4975597.3478307035,1397.3,139128.06246246706,7083.473370849833,0.1,55.0,4.0,,,393.0,396674.5087675907,5372271.856598294,0.01,39.0,,,,,,,,,,,,0,
33,40,luxury,-3272771.4725784846,1432.3,99168.62719189767,10118.404542724877,0.1,56.0,7.0,,,393.0,556512.2498498682,3829283.7224283526,0.01,39.0,,,,,,,,,,,,0,
34,40,luxury,-4644311.684764246,1464.3,138253.2527591116,12396.078398987209,0.1,57.0,6.0,,,393.0,694180.3903432837,5338492.07510753,0.01,39.0,,,,,,,,,,,,0,
35,40,luxury,-5411315.465206572,1497.3,161621.6197424932,14552.973974643328,0.1,58.0,2.0,,,393.0,829519.5165546697,6240834.981761241,0.01,39.0,,,,,,,,,,,,0,
36,40,luxury,-7430803.258311818,1534.3,200809.91697345785,5573.159301465283,0.1,57.0,4.0,,,393.0,323243.2394849864,7754046.497796805,0.01,39.0,,,,,,,,,,,,0,
37,40,luxury,-5441598.477223796,1569.3,161725.29140624392,14091.923998137392,0.1,58.0,6.0,,,393.0,803239.6678938314,6244838.145117627,0.01,39.0,,,,,,,,,,,,0,
38,40,luxury,-6696456.767628622,1602.3,198550.6769916941,16730.202559266614,0.1,59.0,3.0,,,393.0,970351.7484374635,7666808.516066086,0.01,39.0,,,,,,,,,,,,0,
39,40,luxury,-7985009.439838556,1638.3,222217.12470011922,10095.797135170886,0.1,58.0,4.0,,,393.0,595652.0309750823,8580661.470813638,0.01,39.0,,,,,,,,,,,,0,
5,41,luxury,-2480435.705088596,963.3,65755.66998984577,31124.319213769602,0.1,18.0,15.0,,,643.0,591362.0650616224,3071797.770150218,0.37,64.0,,,,,,,,,,,,0,
6,41,luxury,-673845.165761759,1012.3,33592.70852533631,54796.39165820481,0.1,19.0,13.0,,,643.0,986335.0498476867,1660180.2156094457,0.295,64.0,,,,,,,,,,,,0,
7,41,luxury,-2626118.690228141,1063.3,58863.64592870462,22984.484780493265,0.1,18.0,11.0,,,643.0,436705.21082937205,3062823.901057513,0.22999999999999998,64.0,,,,,,,,,,,,0,
8,41,luxury,-1012680.110393695,1116.3,30090.765937752985,35972.228067541706,0.1,19.0,22.0,,,643.0,647500.1052157508,1660180.2156094457,0.15999999999999998,64.0,,,,,,,,,,,,0,
9,41,luxury,-2355312.775599019,1158.3,51388.553768776466,34841.93950687188,0.1,18.0,2.0,,,643.0,661996.8506305657,3017309.6262295847,0.08999999999999998,64.0,,,,,,,,,,,,0,
10,41,luxury,-1557403.1080718928,1220.3,26848.226504805465,5709.83930764183,0.1,17.0,25.0,,,643.0,102777.10753755293,1660180.2156094457,0.03499999999999999,64.0,,,,,,,,,,,,0,
11,41,luxury,-177735.02591777197,1259.3,13397.345031655355,39482.686036478626,0.1,18.0,77.0,,,643.0,671205.6626201366,848940.6885379086,0.01,64.0,,,,,,,,,,,,0,
12,41,luxury,-1150304.4804315614,1246.3,34944.492408144644,57310.8648576368,0.1,19.0,5.0,,,643.0,1031595.5674374624,2181900.047869024,0.025,64.0,,,,,,,,,,,,0,
13,41,luxury,-2849180.9733358533,1305.3,47720.97534389637,9195.919054774906,0.1,18.0,12.0,,,643.0,174722.4620407232,3023903.4353765766,0.01,64.0,,,,,,,,,,,,0,
14,41,luxury,-1118292.371918705,1357.3,26685.210783136023,31813.98356259758,0.1,19.0,12.0,,,643.0,572651.7041267564,1690944.0760454615,0.01,64.0,,,,,,,,,,,,0,
15,41,luxury,-2784145.153157673,1409.3,48990.80172484464,16853.81733671749,0.1,18.0,21.0,,,643.0,320222.5293976323,3104367.6825553053,0.01,64.0,,,,,,,,,,,,0,
16,41,luxury,-662137.239823724,1452.3,26685.210783136023,57155.93534565208,0.1,19.0,22.0,,,643.0,1028806.8362217374,1690944.0760454615,0.01,64.0,,,,,,,,,,,,0,
17,41,luxury,-2452363.690252656,1494.3,47966.13535609891,30898.665117315395,0.1,18.0,0.0,,,643.0,587074.6372289925,3039438.327481649,0.01,64.0,,,,,,,,,,,,0,
18,41,luxury,-1690944.0760454615,1558.3,26685.210783136023,0.0,0.1,17.0,28.0,,,643.0,0.0,1690944.0760454615,0.01,64.0,,,,,,,,,,,,0,
19,41,luxury,-101754.78661009995,1594.3,13397.345031655355,43952.11187810639,0.1,18.0,37.0,,,643.0,747185.9019278086,848940.6885379086,0.01,64.0,,,,,,,,,,,,0,
20,41,luxury,-1675709.9027923932,1621.3,34267.58986540137,27538.98700951379,0.1,17.0,23.0,,,643.0,495701.76617124816,2171411.6689636414,0.01,64.0,,,,,,,,,,,,0,
21,41,luxury,-60786.121633677045,1662.3,13397.345031655355,46362.03334730774,0.1,18.0,48.0,,,643.0,788154.5669042316,848940.6885379086,0.01,64.0,,,,,,,,,,,,0,
22,41,luxury,-1580491.3155729896,1678.3,35090.616887074284,35726.25341774761,0.1,17.0,4.0,,,643.0,643072.561519457,2223563.8770924467,0.01,64.0,,,,,,,,,,,,0,
23,41,luxury,-708578.2209896115,1738.3,13397.345031655355,8256.615738135126,0.1,16.0,27.0,,,643.0,140362.46754829714,848940.6885379086,0.01,64.0,,,,,,,,,,,,0,
24,41,luxury,-2665629.4700931543,1775.3,47775.48931299747,22608.01974091841,0.1,17.0,15.0,,,643.0,361728.3158546946,3027357.785947849,0.01,64.0,,,,,,,,,,,,0,
25,41,luxury,-135054.10221355304,1824.3,13440.676451358186,42154.84351146836,0.1,18.0,43.0,,,643.0,716632.3396949621,851686.4419085152,0.01,64.0,,,,,,,,,,,,0,
26,41,luxury,-1564823.6834073542,1845.3,33815.6322610669,32108.28263380011,0.1,17.0,33.0,,,643.0,577949.087408402,2142772.770815756,0.01,64.0,,,,,,,,,,,,0,
27,41,luxury,264229.4227066926,1876.3,13440.676451358186,65642.10968324752,0.1,18.0,67.0,,,643.0,1115915.8646152078,851686.4419085152,0.01,64.0,,,,,,,,,,,,0,
28,41,luxury,-1309135.2380137225,1873.3,34871.20517165723,50029.18456894436,0.1,17.0,25.0,,,643.0,900525.3222409984,2209660.560254721,0.01,64.0,,,,,,,,,,,,0,
29,41,luxury,20093.68738291564,1912.3,13440.676451358186,51281.18407596652,0.1,18.0,61.0,,,643.0,871780.1292914308,851686.4419085152,0.01,64.0,,,,,,,,,,,,0,
30,41,luxury,-1350777.5947787068,1915.3,34255.709572483785,45548.9590851583,0.1,17.0,37.0,,,643.0,819881.2635328494,2170658.8583115563,0.01,64.0,,,,,,,,,,,,0,
31,41,luxury,415774.8122733849,1942.3,13440.676451358186,74556.54436364118,0.1,18.0,25.0,,,643.0,1267461.2541819,851686.4419085152,0.01,64.0,,,,,,,,,,,,0,
32,41,luxury,-1870620.906550908,1981.3,34823.5025185892,18667.606182441923,0.1,17.0,29.0,,,643.0,336016.9112839546,2206637.8178348625,0.01,64.0,,,,,,,,,,,,0,
33,41,luxury,158195.1311305716,2016.3,13440.676451358186,59404.79841406393,0.1,18.0,66.0,,,643.0,1009881.5730390868,851686.4419085152,0.01,64.0,,,,,,,,,,,,0,
34,41,luxury,-1208743.9107012078,2014.3000000000002,33074.79389032754,49282.48032164668,0.1,17.0,34.0,,,643.0,887084.6457896403,2095828.556490848,0.01,64.0,,,,,,,,,,,,0,
35,41,luxury,272856.5503626213,2044.3000000000002,13440.676451358186,66149.58778065509,0.1,18.0,57.0,,,643.0,1124542.9922711365,851686.4419085152,0.01,64.0,,,,,,,,,,,,0,
36,41,luxury,-1364645.570271538,2051.3,33626.12086957537,42562.14209596759,0.1,17.0,58.0,,,643.0,766118.5577274166,2130764.1279989546,0.01,64.0,,,,,,,,,,,,0,
37,41,luxury,1098628.5685268561,2057.3,13640.290458061525,114724.41237855125,0.1,18.0,54.0,,,643.0,1950315.0104353712,851686.4419085152,0.025,64.0,,,,,,,,,,,,0,
38,41,luxury,-1400438.5152818868,2067.3,33724.754817072295,40920.87137418458,0.1,17.0,27.0,,,643.0,736575.6847353224,2137014.200017209,0.01,64.0,,,,,,,,,,,,0,
39,41,luxury,58881.93815243675,2104.3,13440.676451358186,53562.845885938346,0.1,18.0,121.0,,,643.0,910568.3800609519,851686.4419085152,0.01,64.0,,,,,,,,,,,,0,
5,42,luxury,-2792608.651335216,494.0,106721.31338984713,12062.26034765238,0.1,58.0,3.0,,,440.0,711673.3605114904,3504282.0118467063,0.34,44.0,,,,,,,,,,,,0,
6,42,luxury,-1640783.733873,535.0,56377.24434742206,5520.06793395761,0.1,57.0,7.0,,,440.0,320163.9401695414,1960947.6740425413,0.265,44.0,,,,,,,,,,,,0,
7,42,luxury,-595271.3208636531,572.0,26997.600239934745,6923.521235648324,0.1,58.0,3.0,,,440.0,394640.7104319545,989912.0312956076,0.2,44.0,,,,,,,,,,,,0,
8,42,luxury,-2482622.9362730086,613.0,66712.2716396477,1396.4275986173143,0.1,57.0,9.0,,,440.0,80992.80071980423,2563615.7369928127,0.14500000000000002,44.0,,,,,,,,,,,,0,
9,42,luxury,-389501.58653877827,648.0,23847.88021194236,10533.516574681216,0.1,58.0,19.0,,,440.0,600410.4447568293,989912.0312956076,0.06000000000000001,44.0,,,,,,,,,,,,0,
10,42,luxury,-2140998.6940620895,673.0,61020.50344776377,7812.236621153532,0.1,57.0,4.0,,,440.0,453109.72402690485,2594108.4180889945,0.03500000000000001,44.0,,,,,,,,,,,,0,
11,42,luxury,-745830.0175045525,713.0,22722.98020194508,4282.140592825527,0.1,56.0,70.0,,,440.0,244082.01379105507,989912.0312956076,0.01,44.0,,,,,,,,,,,,0,
12,42,luxury,-10760167.365137342,687.0,283506.44217181345,28403.72525243135,0.1,57.0,1.0,,,440.0,1590608.6141361557,12350775.979273498,0.01,44.0,,,,,,,,,,,,0,
13,42,luxury,-641841.5344957206,730.0,21240.941708937906,4973.797231084446,0.1,56.0,49.0,,,440.0,283506.44217181345,925347.9766675341,0.01,44.0,,,,,,,,,,,,0,
14,42,luxury,-11309969.835535541,725.0,283506.44217181345,18585.82399532067,0.1,57.0,1.0,,,440.0,1040806.1437379573,12350775.979273498,0.01,44.0,,,,,,,,,,,,0,
15,42,luxury,-645393.913081151,768.0,21322.484942795665,4973.797231084446,0.1,56.0,75.0,,,440.0,283506.44217181345,928900.3552529644,0.01,44.0,,,,,,,,,,,,0,
16,42,luxury,-10751589.608563824,737.0,283506.44217181345,28556.89947695848,0.1,57.0,1.0,,,440.0,1599186.370709675,12350775.979273498,0.01,44.0,,,,,,,,,,,,0,
17,42,luxury,-684290.6205119556,780.0,22215.341161256038,4973.797231084446,0.1,56.0,33.0,,,440.0,283506.44217181345,967797.062683769,0.01,44.0,,,,,,,,,,,,0,
18,42,luxury,-11617669.720952049,791.0,283506.44217181345,13091.183184311594,0.1,57.0,1.0,,,440.0,733106.2583214493,12350775.979273498,0.01,44.0,,,,,,,,,,,,0,
19,42,luxury,-829988.241550206,834.0,25559.76374998809,4973.797231084446,0.1,56.0,18.0,,,440.0,283506.44217181345,1113494.6837220194,0.01,44.0,,,,,,,,,,,,0,
20,42,luxury,-11890700.231773712,860.0,283506.44217181345,8215.638348210457,0.1,57.0,1.0,,,440.0,460075.7474997856,12350775.979273498,0.01,44.0,,,,,,,,,,,,0,
21,42,luxury,-654149.448549926,903.0,21523.464275124836,4973.797231084446,0.1,56.0,15.0,,,440.0,283506.44217181345,937655.8907217395,0.01,44.0,,,,,,,,,,,,0,
22,42,luxury,-12027924.015146626,932.0,283506.44217181345,5765.213645122724,0.1,57.0,1.0,,,440.0,322851.96412687254,12350775.979273498,0.01,44.0,,,,,,,,,,,,0,
23,42,luxury,-639600.1771525544,975.0,21189.49237109362,4973.797231084446,0.1,56.0,6.0,,,440.0,283506.44217181345,923106.6193243678,0.01,44.0,,,,,,,,,,,,0,
24,42,luxury,-12223639.025046937,1013.0,283506.44217181345,2270.302754045745,0.1,55.0,0.0,,,440.0,127136.95422656172,12350775.979273498,0.01,44.0,,,,,,,,,,,,0,
25,42,luxury,-12130312.979273498,1057.0,278445.8143322823,0.0,0.1,54.0,1.0,,,440.0,0.0,12130312.979273498,0.01,44.0,,,,,,,,,,,,0,
26,42,luxury,-11631404.164941216,1100.0,273385.1864927511,5156.403969116339,0.1,55.0,3.0,,,440.0,278445.8143322823,11909849.979273498,0.01,44.0,,,,,,,,,,,,0,
27,42,luxury,-156129.7615442545,1141.0,22410.185268694266,14911.91926324097,0.1,56.0,36.0,,,440.0,820155.5594782534,976285.3210225079,0.01,44.0,,,,,,,,,,,,0,
28,42,luxury,-1806415.1848063818,1149.0,59984.400296358384,14406.54767273203,0.1,55.0,19.0,,,440.0,806766.6696729936,2613181.8544793753,0.01,44.0,,,,,,,,,,,,0,
29,42,luxury,163418.28460830136,1174.0,22410.185268694266,20721.883738741984,0.1,56.0,71.0,,,440.0,1139703.6056308092,976285.3210225079,0.01,44.0,,,,,,,,,,,,0,
30,42,luxury,-891870.3624102022,1147.0,56995.98624219054,28412.913465665944,0.1,57.0,3.0,,,440.0,1591123.154077293,2482993.516487495,0.01,44.0,,,,,,,,,,,,0,
31,42,luxury,-3227377.721437894,1188.0,78007.93770359483,2999.7887495889763,0.1,56.0,8.0,,,440.0,170987.95872657164,3398365.680164465,0.01,44.0,,,,,,,,,,,,0,
32,42,luxury,-1267593.9830707195,1224.0,43422.13673009855,11143.991100513547,0.1,57.0,14.0,,,440.0,624063.5016287586,1891657.4846994781,0.01,44.0,,,,,,,,,,,,0,
33,42,luxury,-2933224.3590632128,1254.0,81285.12578937075,10665.08621441017,0.1,56.0,5.0,,,440.0,607909.9142213797,3541134.273284592,0.01,44.0,,,,,,,,,,,,0,
34,42,luxury,-1485231.8557526243,1293.0,43422.13673009855,7257.600516908103,0.1,55.0,18.0,,,440.0,406425.62894685374,1891657.4846994781,0.01,44.0,,,,,,,,,,,,0,
35,42,luxury,-194686.8598807339,1319.0,22410.185268694266,14210.881111668617,0.1,56.0,34.0,,,440.0,781598.461141774,976285.3210225079,0.01,44.0,,,,,,,,,,,,0,
36,42,luxury,-1769913.3827631562,1329.0,58117.68683181959,13606.183913135803,0.1,55.0,25.0,,,440.0,761946.299135605,2531859.681898761,0.01,44.0,,,,,,,,,,,,0,
37,42,luxury,476656.84977298195,1348.0,22410.185268694266,26417.130378099813,0.1,56.0,1.0,,,440.0,1452942.1707954898,976285.3210225079,0.01,44.0,,,,,,,,,,,,0,
38,42,luxury,-2493126.6210272657,1391.0,57743.00265036175,400.1818797981119,0.1,55.0,7.0,,,440.0,22410.185268694266,2515536.8062959597,0.01,44.0,,,,,,,,,,,,0,
39,42,luxury,-572084.3024699755,1428.0,22410.185268694266,7349.109428227859,0.1,56.0,32.0,,,440.0,404201.01855253224,976285.3210225079,0.01,44.0,,,,,,,,,,,,0,
