data/saved_data/run_2025_05_03_1652_all_necessities_randomly_selected/firm_data.csv
Step,AgentID,FirmType,Profit,Inventory,ProductPrice,RevenuePerEmployee,ProductionLevel,NumEmployees,DemandReceived,InventoryDemandRatio,SellThroughRate,ProductionCapacity,Revenue,Costs,Markup,ProducedUnits,IncomeBracket,NumPeople,SpendRatio,PostTaxIncome,HouseholdExpense,HouseholdSavings,HealthLevel,Welfare,SkillLevel,SkillType,JobLevel,IsEmployed,Wage
5,57,luxury,-981850.7373022093,136.39999999999998,172700.11375205783,97761.3576916968,0.1,24.0,9.0,,,264.0,2248511.2269090265,3230361.9642112358,0.39,26.0,,,,,,,,,,,,0,
6,57,luxury,-2225348.811780889,153.39999999999998,191163.05163786237,64762.54265702169,0.1,23.0,3.0,,,264.0,1554301.0237685204,3779649.8355494095,0.315,26.0,,,,,,,,,,,,0,
7,57,luxury,-1774272.4094251995,176.39999999999998,112873.1477903975,24934.31108319944,0.1,22.0,8.0,,,264.0,573489.1549135871,2347761.5643387865,0.25,26.0,,,,,,,,,,,,0,
8,57,luxury,-558643.2250517426,194.39999999999998,65492.19342690737,41044.78101469,0.1,23.0,16.0,,,264.0,902985.18232318,1461628.4073749227,0.16499999999999998,26.0,,,,,,,,,,,,0,
9,57,luxury,-1756252.6522484443,204.39999999999998,122950.21187383863,45559.78673176165,0.1,24.0,11.0,,,264.0,1047875.0948305179,2804127.747078962,0.13999999999999999,26.0,,,,,,,,,,,,0,
10,57,luxury,-2331235.557927978,219.39999999999998,157973.53222110748,56352.18044217604,0.1,25.0,10.0,,,264.0,1352452.330612225,3683687.888540203,0.11499999999999999,26.0,,,,,,,,,,,,0,
11,57,luxury,-2920333.247277173,235.39999999999998,181733.531393428,63189.412888442996,0.1,26.0,5.0,,,264.0,1579735.3222110749,4500068.569488248,0.04999999999999999,26.0,,,,,,,,,,,,0,
12,57,luxury,-4981143.330344677,256.4,228796.4949380169,34948.756037197694,0.1,25.0,2.0,,,264.0,908667.65696714,5889810.987311817,0.01,26.0,,,,,,,,,,,,0,
13,57,luxury,-4089718.6577317435,280.4,176645.561055319,18303.71959504135,0.1,24.0,6.0,,,264.0,457592.9898760338,4547311.647607777,0.01,26.0,,,,,,,,,,,,0,
14,57,luxury,-2097695.863452295,300.4,122659.41536240905,44161.39026382975,0.1,25.0,8.0,,,264.0,1059873.366331914,3157569.229784209,0.01,26.0,,,,,,,,,,,,0,
15,57,luxury,-3553686.16478943,318.4,176165.80486153017,39251.012915970896,0.1,24.0,3.0,,,264.0,981275.3228992724,4534961.4876887025,0.01,26.0,,,,,,,,,,,,0,
16,57,luxury,-2629071.815199618,341.4,122659.41536240905,22020.72560769127,0.1,23.0,16.0,,,264.0,528497.4145845905,3157569.229784209,0.01,26.0,,,,,,,,,,,,0,
17,57,luxury,-378637.90303761885,351.4,90946.16705301378,85328.28894776282,0.1,24.0,15.0,,,264.0,1962550.6457985449,2341188.5488361637,0.01,26.0,,,,,,,,,,,,0,
18,57,luxury,-2303493.1588002853,362.4,142475.4761063835,56841.35440813361,0.1,23.0,6.0,,,264.0,1364192.5057952066,3667685.6645954917,0.01,26.0,,,,,,,,,,,,0,
19,57,luxury,-1486335.6921978628,382.4,90946.16705301378,37167.515506013086,0.1,22.0,4.0,,,264.0,854852.8566383009,2341188.5488361637,0.01,26.0,,,,,,,,,,,,0,
20,57,luxury,-1097843.7391628674,404.4,56778.63979500123,16535.666736911597,0.1,21.0,24.0,,,264.0,363784.6682120551,1461628.4073749227,0.01,26.0,,,,,,,,,,,,0,
21,57,luxury,810717.7993159842,406.4,21441.893456915084,64889.87405142997,0.1,22.0,36.0,,,264.0,1362687.3550800295,551969.5557640452,0.01,26.0,,,,,,,,,,,,0,
22,57,luxury,-652943.4863597453,396.4,55624.01422872324,35086.73474767923,0.1,21.0,25.0,,,264.0,771908.164448943,1424851.6508086883,0.015000000000000003,26.0,,,,,,,,,,,,0,
23,57,luxury,838630.7999540357,397.4,21866.485406556967,66219.06455800385,0.1,22.0,38.0,,,264.0,1390600.355718081,551969.5557640452,0.030000000000000006,26.0,,,,,,,,,,,,0,
24,57,luxury,-655557.8066605568,385.4,58030.056071588886,37769.38388405294,0.1,21.0,32.0,,,264.0,830926.4454491647,1486484.2521097215,0.015000000000000008,26.0,,,,,,,,,,,,0,
25,57,luxury,1304992.2385267993,379.4,21866.485406556967,88426.75210908783,0.1,22.0,94.0,,,264.0,1856961.7942908444,551969.5557640452,0.030000000000000013,26.0,,,,,,,,,,,,0,
26,57,luxury,693176.3131953476,311.4,53966.97925017916,93429.52855528885,0.1,23.0,19.0,,,264.0,2055449.6282163549,1362273.3150210073,0.030000000000000016,26.0,,,,,,,,,,,,0,
27,57,luxury,-1700884.4411354978,318.4,107477.43713783412,44581.41764145235,0.1,22.0,8.0,,,264.0,1025372.6057534041,2726257.046888902,0.025000000000000015,26.0,,,,,,,,,,,,0,
28,57,luxury,-502453.8179183344,336.4,52919.076740466946,39082.70441375786,0.1,21.0,15.0,,,264.0,859819.4971026729,1362273.3150210073,0.01,26.0,,,,,,,,,,,,0,
29,57,luxury,241816.59534295893,347.4,21441.893456915084,37799.34052890496,0.1,20.0,130.0,,,264.0,793786.1511070041,551969.5557640452,0.01,26.0,,,,,,,,,,,,0,
30,57,luxury,-1075835.5350269102,243.39999999999998,150816.56764906505,139372.30746994805,0.1,21.0,2.0,,,264.0,2787446.149398961,3863281.6844258714,0.015,26.0,,,,,,,,,,,,0,
31,57,luxury,-573923.1236304044,267.4,34011.99182714723,14363.48263324429,0.1,20.0,35.0,,,264.0,301633.1352981301,875556.2589285345,0.01,26.0,,,,,,,,,,,,0,
32,57,luxury,-2672861.9704757184,258.4,150073.62889217312,59520.98569750765,0.1,21.0,9.0,,,264.0,1190419.713950153,3863281.6844258714,0.01,26.0,,,,,,,,,,,,0,
33,57,luxury,479029.00179813243,275.4,33859.613882850994,64317.269525217045,0.1,22.0,95.0,,,264.0,1350662.660029558,871633.6582314256,0.01,26.0,,,,,,,,,,,,0,
34,57,luxury,1024876.8999297074,206.39999999999998,85142.46915338766,146211.96903958384,0.1,23.0,25.0,,,264.0,3216663.3188708443,2191786.418941137,0.01,26.0,,,,,,,,,,,,0,
35,57,luxury,-890927.8354388382,207.39999999999998,117295.5516392582,92546.16212324746,0.1,22.0,10.0,,,264.0,2128561.7288346915,3019489.5642735297,0.01,26.0,,,,,,,,,,,,0,
36,57,luxury,-526381.2871712362,223.39999999999998,66012.69636872155,53316.15983602646,0.1,21.0,38.0,,,264.0,1172955.516392582,1699336.8035638183,0.01,26.0,,,,,,,,,,,,0,
37,57,luxury,1636848.8037799932,211.39999999999998,33859.613882850994,119451.54581006756,0.1,22.0,43.0,,,264.0,2508482.462011419,871633.6582314256,0.01,26.0,,,,,,,,,,,,0,
38,57,luxury,-731248.2592443088,194.39999999999998,84964.75722323898,66180.15440739058,0.1,21.0,13.0,,,264.0,1455963.3969625928,2187211.6562069017,0.01,26.0,,,,,,,,,,,,0,
39,57,luxury,232908.18567068106,207.39999999999998,33859.613882850994,52597.23066200508,0.1,20.0,33.0,,,264.0,1104541.8439021066,871633.6582314256,0.01,26.0,,,,,,,,,,,,0,
5,60,luxury,-1108124.5315770446,138.7,141552.09459459843,160890.34759926773,0.1,13.0,9.0,,,327.0,2252464.866389748,3360589.397966793,0.39,33.0,,,,,,,,,,,,0,
6,60,luxury,-567762.5841759369,162.7,73390.20497964317,97997.60395010661,0.1,12.0,17.0,,,327.0,1273968.851351386,1841731.4355273228,0.315,33.0,,,,,,,,,,,,0,
7,60,luxury,289747.10086485755,178.7,37154.37982107994,103969.45705449449,0.1,13.0,46.0,,,327.0,1247633.484653934,957886.3837890764,0.28,33.0,,,,,,,,,,,,0,
8,60,luxury,-691674.9158574408,165.7,92757.26671113058,131469.34398228288,0.1,14.0,5.0,,,327.0,1709101.4717696775,2400776.3876271183,0.275,33.0,,,,,,,,,,,,0,
9,60,luxury,-2907243.171846058,193.7,124625.93551406522,33127.5952539752,0.1,13.0,4.0,,,327.0,463786.3335556529,3371029.505401711,0.22000000000000003,33.0,,,,,,,,,,,,0,
10,60,luxury,-1429635.7595074086,222.7,66900.59582999411,38346.441696635455,0.1,14.0,25.0,,,327.0,498503.7420562609,1928139.5015636694,0.14500000000000002,33.0,,,,,,,,,,,,0,
11,60,luxury,-1671770.840446301,230.7,110462.76793912242,119465.34969641805,0.1,15.0,13.0,,,327.0,1672514.8957498528,3344285.736196154,0.09000000000000002,33.0,,,,,,,,,,,,0,
12,60,luxury,-2448845.236516637,250.7,121843.37092643155,95734.39888057277,0.1,14.0,8.0,,,327.0,1436015.9832085916,3884861.2197252284,0.03500000000000003,33.0,,,,,,,,,,,,0,
13,60,luxury,-1493968.0176812913,275.7,75557.63816321314,69624.78338653232,0.1,13.0,14.0,,,327.0,974746.9674114524,2468714.9850927438,0.01,33.0,,,,,,,,,,,,0,
14,60,luxury,-457036.5178431261,294.7,46363.38909957582,81369.764175768,0.1,14.0,15.0,,,327.0,1057806.934284984,1514843.45212811,0.01,33.0,,,,,,,,,,,,0,
15,60,luxury,-2196618.642488114,312.7,88514.8510683854,49675.05974954552,0.1,13.0,16.0,,,327.0,695450.8364936373,2892069.4789817515,0.01,33.0,,,,,,,,,,,,0,
16,60,luxury,-98605.83503394364,329.7,46363.38909957582,108941.35516108971,0.1,14.0,15.0,,,327.0,1416237.6170941663,1514843.45212811,0.01,33.0,,,,,,,,,,,,0,
17,60,luxury,-2306040.246623766,347.7,91863.81521468978,49675.05974954552,0.1,13.0,7.0,,,327.0,695450.8364936373,3001491.0831174036,0.01,33.0,,,,,,,,,,,,0,
18,60,luxury,-871796.7456252816,373.7,46363.38909957582,49465.131269448335,0.1,12.0,30.0,,,327.0,643046.7065028284,1514843.45212811,0.01,33.0,,,,,,,,,,,,0,
19,60,luxury,846311.3386337577,376.7,16667.764273614786,115908.47274893954,0.1,13.0,69.0,,,327.0,1390901.6729872746,544590.3343535169,0.01,33.0,,,,,,,,,,,,0,
20,60,luxury,-307006.43038029806,340.7,45257.85376161689,88467.36422149387,0.1,12.0,25.0,,,327.0,1150075.7348794204,1457082.1652597184,0.025,33.0,,,,,,,,,,,,0,
21,60,luxury,586856.0096869053,348.7,16832.791642660475,94287.19533670186,0.1,13.0,119.0,,,327.0,1131446.3440404222,544590.3343535169,0.020000000000000004,33.0,,,,,,,,,,,,0,
22,60,luxury,592063.2601367543,262.7,43186.34216990602,154084.78503666125,0.1,14.0,35.0,,,327.0,2003102.2054765965,1411038.9453398422,0.01,33.0,,,,,,,,,,,,0,
23,60,luxury,-1329584.5091079713,260.7,88246.48663438066,107965.85542476505,0.1,13.0,29.0,,,327.0,1511521.9759467107,2841106.485054682,0.025,33.0,,,,,,,,,,,,0,
24,60,luxury,1148109.167057197,264.7,43186.34216990602,196857.54710746458,0.1,14.0,9.0,,,327.0,2559148.1123970393,1411038.9453398422,0.01,33.0,,,,,,,,,,,,0,
25,60,luxury,-2416202.085821909,288.7,85846.29912600834,27762.648537796726,0.1,13.0,17.0,,,327.0,388677.0795291542,2804879.165351063,0.01,33.0,,,,,,,,,,,,0,
26,60,luxury,48348.13980229944,304.7,43186.34216990602,112260.54501093397,0.1,14.0,35.0,,,327.0,1459387.0851421417,1411038.9453398422,0.01,33.0,,,,,,,,,,,,0,
27,60,luxury,-1270156.0155484162,302.7,85136.20261435988,107965.85542476505,0.1,13.0,17.0,,,327.0,1511521.9759467107,2781677.991495127,0.01,33.0,,,,,,,,,,,,0,
28,60,luxury,36276.4991042756,318.7,43186.34216990602,111331.95726493213,0.1,14.0,63.0,,,327.0,1447315.4444441178,1411038.9453398422,0.01,33.0,,,,,,,,,,,,0,
29,60,luxury,-56188.720502628945,288.7,84990.83257539221,194338.5397645771,0.1,15.0,48.0,,,327.0,2720739.5567040793,2776928.277206708,0.01,33.0,,,,,,,,,,,,0,
30,60,luxury,456751.6315604653,273.7,112526.61902524851,271970.6642412551,0.1,16.0,14.0,,,327.0,4079559.963618826,3622808.332058361,0.025,33.0,,,,,,,,,,,,0,
31,60,luxury,-2943094.762630972,292.7,138292.48378732766,98460.79164709244,0.1,15.0,16.0,,,327.0,1575372.666353479,4518467.428984451,0.01,33.0,,,,,,,,,,,,0,
32,60,luxury,-939898.3565203422,309.7,96487.99338184144,147511.98270648284,0.1,16.0,5.0,,,327.0,2212679.7405972425,3152578.0971175847,0.01,33.0,,,,,,,,,,,,0,
33,60,luxury,-4221276.773639475,337.7,143962.23527248288,30152.49793182545,0.1,15.0,3.0,,,327.0,482439.9669092072,4703716.740548682,0.01,33.0,,,,,,,,,,,,0,
34,60,luxury,-2720691.391300136,367.7,96487.99338184144,28792.447054496577,0.1,14.0,16.0,,,327.0,431886.7058174487,3152578.0971175847,0.01,33.0,,,,,,,,,,,,0,
35,60,luxury,-762890.148156469,384.7,70598.93794211072,110271.99243639022,0.1,15.0,19.0,,,327.0,1543807.894109463,2306698.042265932,0.01,33.0,,,,,,,,,,,,0,
36,60,luxury,-2362301.1986735514,398.7,113355.08231558514,89425.32139334023,0.1,14.0,20.0,,,327.0,1341379.8209001035,3703681.019573655,0.01,33.0,,,,,,,,,,,,0,
37,60,luxury,-39596.3959542294,411.7,70598.93794211072,161935.83187940734,0.1,15.0,27.0,,,327.0,2267101.6463117027,2306698.042265932,0.01,33.0,,,,,,,,,,,,0,
38,60,luxury,-1798254.9798147327,417.7,113377.89254291961,127078.08829579929,0.1,14.0,14.0,,,327.0,1906171.3244369894,3704426.304251722,0.01,33.0,,,,,,,,,,,,0,
39,60,luxury,-719407.5466650575,436.7,70598.93794211072,113377.89254291961,0.1,13.0,41.0,,,327.0,1587290.4956008745,2306698.042265932,0.01,33.0,,,,,,,,,,,,0,
5,61,luxury,-1910429.951315702,187.39999999999998,213680.41449379202,89636.39588145317,0.1,12.0,5.0,,,194.0,1165273.1464588912,3075703.097774593,0.32,19.0,,,,,,,,,,,,0,
6,61,luxury,-689811.4127195319,201.39999999999998,115209.24599212772,89033.50603908002,0.1,11.0,5.0,,,194.0,1068402.0724689602,1758213.485188492,0.245,19.0,,,,,,,,,,,,0,
7,61,luxury,-362978.75347498886,215.39999999999998,58318.3906387184,52367.83908733078,0.1,10.0,10.0,,,194.0,576046.2299606386,939024.9834356274,0.18,19.0,,,,,,,,,,,,0,
8,61,luxury,-1313179.4400808017,224.39999999999998,113781.7947995636,58318.3906387184,0.1,11.0,6.0,,,194.0,583183.906387184,1896363.3464679858,0.13999999999999999,19.0,,,,,,,,,,,,0,
9,61,luxury,-188957.75746800646,237.39999999999998,49775.71585380159,62062.79716339833,0.1,12.0,21.0,,,194.0,682690.7687973817,871648.5262653881,0.08499999999999999,19.0,,,,,,,,,,,,0,
10,61,luxury,-1231571.7905873458,235.39999999999998,125826.56783507737,87107.50274415278,0.1,13.0,7.0,,,194.0,1045290.0329298333,2276861.823517179,0.049999999999999996,19.0,,,,,,,,,,,,0,
11,61,luxury,-2401037.315448731,247.39999999999998,175318.4454910653,67752.76729581089,0.1,12.0,3.0,,,194.0,880785.9748455415,3281823.290294273,0.015,19.0,,,,,,,,,,,,0,
12,61,luxury,-1350654.6565692862,263.4,99756.63122190924,43829.611372766325,0.1,11.0,5.0,,,194.0,525955.3364731959,1876609.993042482,0.01,19.0,,,,,,,,,,,,0,
13,61,luxury,-508201.6571355333,277.4,53529.18988675476,45343.92328268602,0.1,12.0,18.0,,,194.0,498783.1561095462,1006984.8132450795,0.01,19.0,,,,,,,,,,,,0,
14,61,luxury,-1407311.98388625,278.4,126028.71841250503,80293.78483013214,0.1,13.0,14.0,,,194.0,963525.4179615856,2370837.4018478356,0.01,19.0,,,,,,,,,,,,0,
15,61,luxury,-1408159.4418073096,283.4,168646.68136481696,135723.23521346695,0.1,14.0,6.0,,,194.0,1764402.0577750704,3172561.49958238,0.01,19.0,,,,,,,,,,,,0,
16,61,luxury,-2681535.839424911,296.4,196334.2047660919,72277.14915635013,0.1,13.0,7.0,,,194.0,1011880.0881889018,3693415.9276138125,0.01,19.0,,,,,,,,,,,,0,
17,61,luxury,-955223.9056484131,308.4,123834.6762403416,105718.41795097255,0.1,14.0,5.0,,,194.0,1374339.4333626432,2329563.3390110563,0.01,19.0,,,,,,,,,,,,0,
18,61,luxury,-3062122.460445623,322.4,195689.92654599354,44226.67008583628,0.1,13.0,6.0,,,194.0,619173.381201708,3681295.8416473307,0.01,19.0,,,,,,,,,,,,0,
19,61,luxury,-1155423.779735095,335.4,123834.6762403416,90318.42763661241,0.1,14.0,18.0,,,194.0,1174139.5592759612,2329563.3390110563,0.01,19.0,,,,,,,,,,,,0,
20,61,luxury,-1410689.7501437836,336.4,193479.51937974273,159216.01230901064,0.1,15.0,1.0,,,194.0,2229024.172326149,3639713.9224699326,0.01,19.0,,,,,,,,,,,,0,
21,61,luxury,-4246550.956980857,354.4,236022.66026850237,12898.634625316183,0.1,14.0,3.0,,,194.0,193479.51937974273,4440030.4763605995,0.01,19.0,,,,,,,,,,,,0,
22,61,luxury,-2421811.9120962163,370.4,166377.81712910123,50576.28434325051,0.1,15.0,8.0,,,194.0,708067.9808055072,3129879.8929017233,0.01,19.0,,,,,,,,,,,,0,
23,61,luxury,-3100642.8535985537,381.4,235577.9899452467,88734.83580218731,0.1,16.0,0.0,,,194.0,1331022.5370328098,4431665.390631364,0.01,19.0,,,,,,,,,,,,0,
24,61,luxury,-5727224.723752037,400.4,304447.1929759139,0.0,0.1,15.0,0.0,,,194.0,0.0,5727224.723752037,0.01,19.0,,,,,,,,,,,,0,
25,61,luxury,-4431665.390631364,419.4,235577.9899452467,0.0,0.1,16.0,4.0,,,194.0,0.0,4431665.390631364,0.01,19.0,,,,,,,,,,,,0,
26,61,luxury,-4793161.841464321,434.4,304885.6965458981,58894.49748631167,0.1,17.0,1.0,,,194.0,942311.9597809868,5735473.801245308,0.01,19.0,,,,,,,,,,,,0,
27,61,luxury,-6303980.98322525,452.4,351313.4208029178,17934.452737994005,0.1,16.0,3.0,,,194.0,304885.6965458981,6608866.679771148,0.01,19.0,,,,,,,,,,,,0,
28,61,luxury,-4253140.919632753,468.4,282113.2479867723,65871.26640054709,0.1,17.0,1.0,,,194.0,1053940.2624087534,5307081.182041506,0.01,19.0,,,,,,,,,,,,0,
29,61,luxury,-6326438.8058588635,486.4,351296.6959519682,16594.89694039837,0.1,16.0,2.0,,,194.0,282113.2479867723,6608552.053845636,0.01,19.0,,,,,,,,,,,,0,
30,61,luxury,-4604487.79013757,503.4,282113.2479867723,43912.086993996025,0.1,17.0,2.0,,,194.0,702593.3919039364,5307081.182041506,0.01,19.0,,,,,,,,,,,,0,
31,61,luxury,-6063314.904634272,520.4,352306.1295951455,33189.79388079674,0.1,16.0,1.0,,,194.0,564226.4959735445,6627541.400607816,0.01,19.0,,,,,,,,,,,,0,
32,61,luxury,-4971426.860398727,538.4,282998.4229944941,22019.133099696595,0.1,15.0,1.0,,,194.0,352306.1295951455,5323732.989993872,0.01,19.0,,,,,,,,,,,,0,
33,61,luxury,-3720274.348433069,556.4,212805.5413861209,18866.561532966272,0.1,14.0,2.0,,,194.0,282998.4229944941,4003272.771427563,0.01,19.0,,,,,,,,,,,,0,
34,61,luxury,-2777345.134764654,573.4,170262.4004973613,30400.7916265887,0.1,15.0,2.0,,,194.0,425611.0827722418,3202956.217536896,0.01,19.0,,,,,,,,,,,,0,
35,61,luxury,-4153501.211229457,590.4,238892.9491291301,22701.65339964817,0.1,14.0,2.0,,,194.0,340524.8009947226,4494026.01222418,0.01,19.0,,,,,,,,,,,,0,
36,61,luxury,-2725170.319278636,607.4,170262.4004973613,34127.564161304304,0.1,15.0,2.0,,,194.0,477785.8982582602,3202956.217536896,0.01,19.0,,,,,,,,,,,,0,
37,61,luxury,-4146856.4498047116,624.4,238539.72761935266,22701.65339964817,0.1,14.0,3.0,,,194.0,340524.8009947226,4487381.250799434,0.01,19.0,,,,,,,,,,,,0,
38,61,luxury,-2487337.034678838,640.4,170262.4004973613,51115.65591843271,0.1,15.0,5.0,,,194.0,715619.182858058,3202956.217536896,0.01,19.0,,,,,,,,,,,,0,
39,61,luxury,-3629710.4095310858,654.4,238201.70515454555,56754.133499120435,0.1,16.0,4.0,,,194.0,851312.0024868065,4481022.412017892,0.01,19.0,,,,,,,,,,,,0,
