data/saved_data/run_2025_05_03_1652_all_necessities_randomly_selected/firm_data.csv
Step,AgentID,FirmType,Profit,Inventory,ProductPrice,RevenuePerEmployee,ProductionLevel,NumEmployees,DemandReceived,InventoryDemandRatio,SellThroughRate,ProductionCapacity,Revenue,Costs,Markup,ProducedUnits,IncomeBracket,NumPeople,SpendRatio,PostTaxIncome,HouseholdExpense,HouseholdSavings,HealthLevel,Welfare,SkillLevel,SkillType,JobLevel,IsEmployed,Wage
12,6,necessity,-124956.4908492224,0.0,107.07969052283559,3706.046904763813,1.0,94.0,60635.0,,,6571.0,352074.4559525622,477030.9468017846,0.47500000000000003,6571.0,,,,,,,,,,,,0,
13,6,necessity,493421.52291790437,0.0,49.26292043106307,7485.326025803752,1.0,95.0,121888.0,,,6571.0,703620.6464255527,210199.1235076483,0.54,6571.0,,,,,,,,,,,,0,
14,6,necessity,-158952.97934739257,0.0,115.68846695277229,3407.4384226580573,1.0,94.0,41899.0,,,6571.0,323706.65015251545,482659.629499908,0.5750000000000001,6571.0,,,,,,,,,,,,0,
15,6,necessity,549989.7928390184,0.0,52.46181136814509,8087.116131347519,1.0,95.0,104551.0,,,6571.0,760188.9163466668,210199.1235076483,0.6400000000000001,6571.0,,,,,,,,,,,,0,
16,6,necessity,-103358.02037022781,0.0,112.85648828755215,3628.7006578955934,1.0,94.0,53941.0,,,6571.0,344726.5625000814,448084.5828703092,0.6550000000000001,6571.0,,,,,,,,,,,,0,
17,6,necessity,531380.8610298568,0.0,54.38114593039431,7889.148771675587,1.0,95.0,99236.0,,,6571.0,741579.9845375052,210199.1235076483,0.7000000000000002,6571.0,,,,,,,,,,,,0,
18,6,necessity,-86352.08174676955,0.0,115.80115120578205,3761.457999038116,1.0,94.0,53329.0,,,6571.0,357338.509908621,443690.59165539057,0.7150000000000002,6571.0,,,,,,,,,,,,0,
19,6,necessity,550730.2410655455,0.0,56.62036958635172,8094.99324014036,1.0,95.0,94800.0,,,6571.0,760929.3645731938,210199.1235076483,0.7700000000000002,6571.0,,,,,,,,,,,,0,
20,6,necessity,-120971.88149760477,0.0,134.67945096700848,3916.3415637043913,1.0,94.0,39413.0,,,6571.0,372052.44855191716,493024.33004952193,0.7950000000000003,6571.0,,,,,,,,,,,,0,
21,6,necessity,674779.5487965643,0.0,59.17948233601734,9414.66672664056,1.0,95.0,124358.0,,,6571.0,884978.6723042127,210199.1235076483,0.8500000000000003,6571.0,,,,,,,,,,,,0,
22,6,necessity,-70630.29255754151,0.0,130.41622603276406,4093.3513518944205,1.0,94.0,49125.0,,,6571.0,388868.37842996995,459498.67098751146,0.8650000000000003,6571.0,,,,,,,,,,,,0,
23,6,necessity,646765.8977536443,0.0,61.418705991974754,9116.649162354177,1.0,95.0,97290.0,,,6571.0,856965.0212612926,210199.1235076483,0.9200000000000004,6571.0,,,,,,,,,,,,0,
24,6,necessity,-36420.46468823915,0.0,130.90936512141735,4248.234916560696,1.0,94.0,40337.0,,,6571.0,403582.3170732661,440002.78176150523,0.9550000000000004,6571.0,,,,,,,,,,,,0,
25,6,necessity,650006.3147051851,0.0,64.29770783534858,9151.121683115249,1.0,95.0,90249.0,,,6571.0,860205.4382128334,210199.1235076483,1.0100000000000005,6571.0,,,,,,,,,,,,0,
26,6,necessity,-19761.147217025573,0.0,136.29269598310563,4447.3709282744785,1.0,94.0,37676.0,,,6571.0,422500.23818607547,442261.38540310104,1.0250000000000004,6571.0,,,,,,,,,,,,0,
27,6,necessity,685380.1817973389,0.0,66.21704239759778,9527.439418138161,1.0,95.0,92432.0,,,6571.0,895579.3053049871,210199.1235076483,1.0700000000000003,6571.0,,,,,,,,,,,,0,
28,6,necessity,-32631.920746836113,0.0,148.4167495926813,4580.128269417,1.0,94.0,38882.0,,,6571.0,435112.185594615,467744.1063414511,1.0850000000000002,6571.0,,,,,,,,,,,,0,
29,6,necessity,765047.3380658606,0.0,68.45626605355518,10374.962357164988,1.0,95.0,96979.0,,,6571.0,975246.4615735088,210199.1235076483,1.1400000000000001,6571.0,,,,,,,,,,,,0,
30,6,necessity,-17202.62121160113,0.0,153.87570137639906,4735.011834083274,1.0,94.0,30556.0,,,6571.0,449826.1242379111,467028.7454495122,1.165,6571.0,,,,,,,,,,,,0,
31,6,necessity,800918.1102366699,0.0,71.01537880322078,10756.566316428918,1.0,95.0,80080.0,,,6571.0,1011117.2337443182,210199.1235076483,1.22,6571.0,,,,,,,,,,,,0,
32,6,necessity,16865.441611939576,0.0,153.6674014484655,4912.0216222733025,1.0,94.0,39606.0,,,6571.0,466642.05411596375,449776.6125040242,1.2449999999999999,6571.0,,,,,,,,,,,,0,
33,6,necessity,799549.3714102185,0.0,73.2546024591782,10742.00526508369,1.0,95.0,89044.0,,,6571.0,1009748.4949178669,210199.1235076483,1.2899999999999998,6571.0,,,,,,,,,,,,0,
34,6,necessity,5379.327146849246,0.0,166.964878111344,5066.905186939578,1.0,94.0,36430.0,,,6571.0,481355.99275925994,475976.6656124107,1.3049999999999997,6571.0,,,,,,,,,,,,0,
35,6,necessity,886927.0905619932,0.0,75.4938261151356,11671.555468825973,1.0,95.0,83328.0,,,6571.0,1097126.2140696414,210199.1235076483,1.3599999999999997,6571.0,,,,,,,,,,,,0,
36,6,necessity,4672.565655089566,0.0,179.10465542323502,5221.788751605854,1.0,94.0,35596.0,,,6571.0,496069.9314025561,491397.3657474665,1.3949999999999996,6571.0,,,,,,,,,,,,0,
37,6,necessity,966697.5672784289,0.0,78.37282795850942,12520.177561554012,1.0,95.0,68863.0,,,6571.0,1176896.6907860772,210199.1235076483,1.4499999999999995,6571.0,,,,,,,,,,,,0,
38,6,necessity,51098.7521637145,0.0,174.72614871337845,5420.9247633196355,1.0,94.0,28072.0,,,6571.0,514987.8525153654,463889.1003516509,1.4749999999999994,6571.0,,,,,,,,,,,,0,
39,6,necessity,937926.3996879614,0.0,80.61205161446684,12214.101310591592,1.0,95.0,76970.0,,,6571.0,1148125.5231956097,210199.1235076483,1.5199999999999994,6571.0,,,,,,,,,,,,0,
40,6,necessity,64829.793988024525,0.0,179.34112199790343,5575.808327985911,1.0,94.0,39445.0,,,6571.0,529701.7911586616,464871.99717063707,1.5349999999999993,6571.0,,,,,,,,,,,,0,
12,8,necessity,-138291.60500700475,0.0,124.79865346162413,4455.083355352308,1.0,67.0,42314.0,,,5215.0,302945.66816395696,441237.2731709617,0.47500000000000003,5215.0,,,,,,,,,,,,0,
13,8,necessity,471040.94899670675,0.0,53.090585677397996,9713.80563884134,1.0,68.0,95140.0,,,5215.0,650824.9778023699,179784.02880566308,0.54,5215.0,,,,,,,,,,,,0,
14,8,necessity,-141176.5404619808,0.0,126.2548826243304,4071.579475112214,1.0,67.0,60336.0,,,5215.0,276867.40430763055,418043.94476961135,0.5750000000000001,5215.0,,,,,,,,,,,,0,
15,8,necessity,478635.18408021994,0.0,56.19328224296022,9827.152431132583,1.0,68.0,123289.0,,,5215.0,658419.212885883,179784.02880566308,0.6300000000000001,5215.0,,,,,,,,,,,,0,
16,8,necessity,-133185.58451905253,0.0,136.08415397348148,4309.528924956435,1.0,67.0,41552.0,,,5215.0,293047.9668970376,426233.5514160901,0.6650000000000001,5215.0,,,,,,,,,,,,0,
17,8,necessity,529894.8341660427,0.0,59.64072287136269,10592.221835398595,1.0,68.0,90024.0,,,5215.0,709678.8629717059,179784.02880566308,0.7300000000000002,5215.0,,,,,,,,,,,,0,
18,8,necessity,-102775.91591178946,0.0,140.05005447663365,4573.917202561124,1.0,67.0,40994.0,,,5215.0,311026.3697741564,413802.2856859459,0.7650000000000002,5215.0,,,,,,,,,,,,0,
19,8,necessity,550577.0052899814,0.0,62.39867537408467,10900.91095665141,1.0,68.0,92983.0,,,5215.0,730361.0340956445,179784.02880566308,0.8100000000000003,5215.0,,,,,,,,,,,,0,
20,8,necessity,-88871.72900286684,0.0,144.97842729121433,4785.427824644876,1.0,67.0,43979.0,,,5215.0,325409.0920758516,414280.8210787184,0.8250000000000003,5215.0,,,,,,,,,,,,0,
21,8,necessity,576278.4695180196,0.0,64.46713975112615,11284.514900353473,1.0,68.0,94453.0,,,5215.0,756062.4983236827,179784.02880566308,0.8700000000000003,5215.0,,,,,,,,,,,,0,
22,8,necessity,-103559.64182109211,0.0,159.7962022332112,4944.060791207689,1.0,67.0,35926.0,,,5215.0,336196.1338021229,439755.775623215,0.8950000000000004,5215.0,,,,,,,,,,,,0,
23,8,necessity,653553.1658405333,0.0,67.22509225384813,12437.868576808902,1.0,68.0,86311.0,,,5215.0,833337.1946461964,179784.02880566308,0.9500000000000004,5215.0,,,,,,,,,,,,0,
24,8,necessity,-75863.76042915235,0.0,161.5003197490156,5155.571413291441,1.0,67.0,37147.0,,,5215.0,350578.856103818,426442.61653297034,0.9750000000000004,5215.0,,,,,,,,,,,,0,
25,8,necessity,662440.1386854532,0.0,69.63830069372986,12570.509962553975,1.0,68.0,75021.0,,,5215.0,842224.1674911163,179784.02880566308,1.0200000000000005,5215.0,,,,,,,,,,,,0,
26,8,necessity,-56484.499488951114,0.0,163.75535251504996,5340.643207614724,1.0,67.0,33468.0,,,5215.0,363163.7381178012,419648.2376067523,1.0350000000000004,5215.0,,,,,,,,,,,,0,
27,8,necessity,674200.1345603225,0.0,71.70676507077133,12746.032289044562,1.0,68.0,92988.0,,,5215.0,853984.1633659856,179784.02880566308,1.0800000000000003,5215.0,,,,,,,,,,,,0,
28,8,necessity,-104338.73524179182,0.0,192.14123373206988,5499.276174177537,1.0,67.0,28076.0,,,5215.0,373950.7798440725,478289.5150858643,1.0950000000000002,5215.0,,,,,,,,,,,,0,
29,8,necessity,822232.5051070813,0.0,74.11997351065307,14955.470655414096,1.0,68.0,68534.0,,,5215.0,1002016.5339127444,179784.02880566308,1.1500000000000001,5215.0,,,,,,,,,,,,0,
30,8,necessity,-69675.9910247656,0.0,190.27044004407782,5684.34796850082,1.0,67.0,26072.0,,,5215.0,386535.66185805574,456211.65288282133,1.175,5215.0,,,,,,,,,,,,0,
31,8,necessity,812476.3160242027,0.0,76.53318195053477,14809.855892983072,1.0,68.0,72785.0,,,5215.0,992260.3448298658,179784.02880566308,1.22,5215.0,,,,,,,,,,,,0,
32,8,necessity,-14519.720931782329,0.0,177.27439916764445,5869.419762824101,1.0,67.0,30734.0,,,5215.0,399120.54387203883,413640.26480382116,1.2349999999999999,5215.0,,,,,,,,,,,,0,
33,8,necessity,744701.9628536027,0.0,78.60164632757625,13798.298382974117,1.0,68.0,70137.0,,,5215.0,924485.9916592658,179784.02880566308,1.2799999999999998,5215.0,,,,,,,,,,,,0,
34,8,necessity,-23926.981074071373,0.0,191.75238273980568,6028.052729386914,1.0,67.0,30532.0,,,5215.0,409907.5855983101,433834.5666723815,1.3049999999999997,5215.0,,,,,,,,,,,,0,
35,8,necessity,820204.6471824235,0.0,81.35959883029821,14925.204119225173,1.0,68.0,76613.0,,,5215.0,999988.6759880866,179784.02880566308,1.3599999999999997,5215.0,,,,,,,,,,,,0,
36,8,necessity,-3666.0318608235684,0.0,195.71924643026983,6239.563351470664,1.0,67.0,21963.0,,,5215.0,424290.3079000052,427956.33976082876,1.3849999999999996,5215.0,,,,,,,,,,,,0,
37,8,necessity,840891.841328194,0.0,84.11755133302019,15233.968210953091,1.0,68.0,69316.0,,,5215.0,1020675.8701338571,179784.02880566308,1.4399999999999995,5215.0,,,,,,,,,,,,0,
38,8,necessity,-8227.72202124953,0.0,211.2388023045699,6451.073973554416,1.0,67.0,25123.0,,,5215.0,438673.0302017003,446900.7522229498,1.4649999999999994,5215.0,,,,,,,,,,,,0,
39,8,necessity,921826.3252126689,0.0,86.87550383574217,16441.945582363165,1.0,68.0,78735.0,,,5215.0,1101610.354018332,179784.02880566308,1.5199999999999994,5215.0,,,,,,,,,,,,0,
40,8,necessity,17762.041340406693,0.0,211.5953130559119,6662.584595638167,1.0,67.0,22486.0,,,5215.0,453055.7525033954,435293.7111629887,1.5349999999999993,5215.0,,,,,,,,,,,,0,
12,9,necessity,-159346.8480438362,0.0,140.37837934949772,2989.3759545338426,1.0,102.0,36377.0,,,4843.0,307905.72331698576,467252.57136082195,0.455,4843.0,,,,,,,,,,,,0,
13,9,necessity,478680.7621196068,0.0,63.138762775816105,6665.220501858995,1.0,103.0,73599.0,,,4843.0,679852.4911896174,201171.72907001065,0.52,4843.0,,,,,,,,,,,,0,
14,9,necessity,-172963.62857185834,0.0,153.71627937378068,2968.747845857062,1.0,102.0,40912.0,,,4843.0,305781.0281232774,478744.65669513575,0.555,4843.0,,,,,,,,,,,,0,
15,9,necessity,543276.2119372091,0.0,66.87724215069996,7298.509225560979,1.0,103.0,99700.0,,,4843.0,744447.9410072198,201171.72907001065,0.6100000000000001,4843.0,,,,,,,,,,,,0,
16,9,necessity,-171115.33954004833,0.0,167.11294257463646,3144.528968309125,1.0,102.0,31757.0,,,4843.0,323886.4837358399,495001.8232758882,0.6350000000000001,4843.0,,,,,,,,,,,,0,
17,9,necessity,608156.2518189538,0.0,70.61572152558381,7934.5880479310235,1.0,103.0,86636.0,,,4843.0,809327.9808889644,201171.72907001065,0.7000000000000002,4843.0,,,,,,,,,,,,0,
18,9,necessity,-153770.0497955819,0.0,177.60624633227474,3320.310090761188,1.0,102.0,31345.0,,,4843.0,341991.9393484024,495761.9891439843,0.7350000000000002,4843.0,,,,,,,,,,,,0,
19,9,necessity,658975.3219171958,0.0,74.35420090046766,8432.81422536477,1.0,103.0,70262.0,,,4843.0,860147.0509872065,201171.72907001065,0.7900000000000003,4843.0,,,,,,,,,,,,0,
20,9,necessity,-109404.39800355415,0.0,174.9846657290878,3496.091213213251,1.0,102.0,42735.0,,,4843.0,360097.39496096486,469501.792964519,0.8050000000000003,4843.0,,,,,,,,,,,,0,
21,9,necessity,646279.0070559615,0.0,76.84652048372357,8308.34055025463,1.0,103.0,66844.0,,,4843.0,847450.7361259722,201171.72907001065,0.8500000000000003,4843.0,,,,,,,,,,,,0,
22,9,necessity,-74302.8237500813,0.0,172.85406347843502,3613.2786281812937,1.0,102.0,38410.0,,,4843.0,372167.69870267325,446470.52245275455,0.8750000000000003,4843.0,,,,,,,,,,,,0,
23,9,necessity,635960.5003560502,0.0,80.1696132613981,8207.178719863341,1.0,103.0,59760.0,,,4843.0,837132.2294260608,201171.72907001065,0.9300000000000004,4843.0,,,,,,,,,,,,0,
24,9,necessity,-98029.45826533565,0.0,196.3036754276702,3769.5285148053495,1.0,102.0,30723.0,,,4843.0,388261.437024951,486290.89529028663,0.9550000000000004,4843.0,,,,,,,,,,,,0,
25,9,necessity,749526.9710261961,0.0,83.07731944186331,9320.575491139283,1.0,103.0,66351.0,,,4843.0,950698.7000962069,201171.72907001065,1.0000000000000004,4843.0,,,,,,,,,,,,0,
26,9,necessity,-44429.42000666604,0.0,185.88629963086686,3906.247165601398,1.0,102.0,26076.0,,,4843.0,402343.458056944,446772.87806361006,1.0150000000000003,4843.0,,,,,,,,,,,,0,
27,9,necessity,699075.6200422775,0.0,85.98502562232852,8825.954403061649,1.0,103.0,72167.0,,,4843.0,900247.3491122882,201171.72907001065,1.0700000000000003,4843.0,,,,,,,,,,,,0,
28,9,necessity,-29445.295699008042,0.0,192.8761662167807,4042.9658163974473,1.0,102.0,34243.0,,,4843.0,416425.47908893705,445870.7747879451,1.0950000000000002,4843.0,,,,,,,,,,,,0,
29,9,necessity,732927.5439178583,0.0,89.30811840000305,9157.836009684988,1.0,103.0,79817.0,,,4843.0,934099.2729878689,201171.72907001065,1.1500000000000001,4843.0,,,,,,,,,,,,0,
30,9,necessity,-36235.93072858587,0.0,210.51877906123218,4199.215703021503,1.0,102.0,25619.0,,,4843.0,432519.2174112148,468755.14813980064,1.175,4843.0,,,,,,,,,,,,0,
31,9,necessity,818370.7179235369,0.0,93.0465977748869,9995.51418621125,1.0,103.0,76607.0,,,4843.0,1019542.4469935475,201171.72907001065,1.24,4843.0,,,,,,,,,,,,0,
32,9,necessity,-12118.79432675225,0.0,216.41832610624215,4374.996825473566,1.0,102.0,29585.0,,,4843.0,450624.67302377726,462743.4673505295,1.265,4843.0,,,,,,,,,,,,0,
33,9,necessity,846942.22426252,0.0,96.36969055256142,10275.626993456182,1.0,103.0,66176.0,,,4843.0,1048113.9533325307,201171.72907001065,1.3199999999999998,4843.0,,,,,,,,,,,,0,
34,9,necessity,20435.493460726808,0.0,216.09197650733068,4531.246712097622,1.0,102.0,27366.0,,,4843.0,466718.411346055,446282.9178853282,1.3449999999999998,4843.0,,,,,,,,,,,,0,
35,9,necessity,845361.7131549919,0.0,99.69278333023593,10260.131786519632,1.0,103.0,58476.0,,,4843.0,1046533.4422250025,201171.72907001065,1.3999999999999997,4843.0,,,,,,,,,,,,0,
36,9,necessity,-48058.182585149596,0.0,265.8188221038355,4687.496598721676,1.0,102.0,20935.0,,,4843.0,482812.1496683326,530870.3322534822,1.4249999999999996,4843.0,,,,,,,,,,,,0,
37,9,necessity,1086188.8263788647,0.0,102.60048951070117,12621.181916165444,1.0,103.0,48658.0,,,4843.0,1287360.5554488753,201171.72907001065,1.4699999999999995,4843.0,,,,,,,,,,,,0,
38,9,necessity,17903.657428690814,0.0,245.77564014747819,4824.215249517726,1.0,102.0,22861.0,,,4843.0,496894.17070032575,478990.51327163493,1.4849999999999994,4843.0,,,,,,,,,,,,0,
39,9,necessity,989119.6961642262,0.0,105.09280909395704,11669.523776806243,1.0,103.0,43111.0,,,4843.0,1190291.4252342368,201171.72907001065,1.5299999999999994,4843.0,,,,,,,,,,,,0,
40,9,necessity,54185.960446207726,0.0,238.98643772050193,4941.402664485767,1.0,102.0,22566.0,,,4843.0,508964.47444203397,454778.51399582624,1.5449999999999993,4843.0,,,,,,,,,,,,0,
