data/saved_data/run_2025_05_03_1652_all_necessities_randomly_selected/firm_data.csv
Step,AgentID,FirmType,Profit,Inventory,ProductPrice,RevenuePerEmployee,ProductionLevel,NumEmployees,DemandReceived,InventoryDemandRatio,SellThroughRate,ProductionCapacity,Revenue,Costs,Markup,ProducedUnits,IncomeBracket,NumPeople,SpendRatio,PostTaxIncome,HouseholdExpense,HouseholdSavings,HealthLevel,Welfare,SkillLevel,SkillType,JobLevel,IsEmployed,Wage
12,10,necessity,-146501.43188239017,0.0,149.4436611693716,2903.4148289001932,1.0,113.0,37840.0,,,4585.0,330989.290494622,477490.7223770122,0.435,4585.0,,,,,,,,,,,,0,
13,10,necessity,483964.6047511031,0.0,65.83465049070097,6063.709614704148,1.0,114.0,81540.0,,,4585.0,685199.1864615688,201234.58171046572,0.5,4585.0,,,,,,,,,,,,0,
14,10,necessity,-179245.74978195806,0.0,161.0653980461355,2647.8234429812624,1.0,113.0,34210.0,,,4585.0,301851.8724998639,481097.62228182197,0.535,4585.0,,,,,,,,,,,,0,
15,10,necessity,537250.2683310655,0.0,70.22362719008103,6535.264159659569,1.0,114.0,63705.0,,,4585.0,738484.8500415313,201234.58171046572,0.6000000000000001,4585.0,,,,,,,,,,,,0,
16,10,necessity,-195996.186138577,0.0,183.57769130309865,2824.3450058466797,1.0,113.0,32371.0,,,4585.0,321975.3306665215,517971.5168050985,0.6250000000000001,4585.0,,,,,,,,,,,,0,
17,10,necessity,640469.1329142415,0.0,73.29591087964708,7448.705439156701,1.0,114.0,89759.0,,,4585.0,841703.7146247072,201234.58171046572,0.6700000000000002,4585.0,,,,,,,,,,,,0,
18,10,necessity,-185999.72790905507,0.0,191.85901688452785,2947.9100998524727,1.0,113.0,36701.0,,,4585.0,336061.7513831819,522061.47929223697,0.6850000000000002,4585.0,,,,,,,,,,,,0,
19,10,necessity,678439.0107050944,0.0,76.36819456921313,7784.722056774868,1.0,114.0,93366.0,,,4585.0,879673.5924155602,201234.58171046572,0.7400000000000002,4585.0,,,,,,,,,,,,0,
20,10,necessity,-196015.91292913922,0.0,211.4375683129781,3071.475193858265,1.0,113.0,30831.0,,,4585.0,350148.1720998422,546164.0850289814,0.7750000000000002,4585.0,,,,,,,,,,,,0,
21,10,necessity,768206.6690045389,0.0,80.7571712685932,8579.126112522164,1.0,114.0,74699.0,,,4585.0,969441.2507150046,201234.58171046572,0.8400000000000003,4585.0,,,,,,,,,,,,0,
22,10,necessity,-182958.7905062947,0.0,225.03265747355053,3247.9967567236827,1.0,113.0,29088.0,,,4585.0,370271.6302664998,553230.4207727945,0.8650000000000003,4585.0,,,,,,,,,,,,0,
23,10,necessity,830540.1528057634,0.0,83.82945495815925,9130.74986297548,1.0,114.0,67812.0,,,4585.0,1031774.7345162291,201234.58171046572,0.9100000000000004,4585.0,,,,,,,,,,,,0,
24,10,necessity,-104523.76371830294,0.0,205.25572368485513,3371.561850729475,1.0,113.0,29930.0,,,4585.0,384358.05098316015,488881.8147014631,0.9250000000000004,4585.0,,,,,,,,,,,,0,
25,10,necessity,739862.9113845951,0.0,86.46284097778728,8328.296399071334,1.0,114.0,56387.0,,,4585.0,941097.4930950608,201234.58171046572,0.9700000000000004,4585.0,,,,,,,,,,,,0,
26,10,necessity,-148413.82027507736,0.0,237.07037346752514,3477.474788448725,1.0,113.0,30034.0,,,4585.0,396432.1258831547,544845.946158232,0.9950000000000004,4585.0,,,,,,,,,,,,0,
27,10,necessity,885733.0806381372,0.0,89.53512466735333,9619.182852642503,1.0,114.0,48335.0,,,4585.0,1086967.662348603,201234.58171046572,1.0400000000000005,4585.0,,,,,,,,,,,,0,
28,10,necessity,-59928.785207455745,0.0,210.85480188725995,3601.0398824545177,1.0,113.0,33074.0,,,4585.0,410518.546599815,470447.33180727076,1.0550000000000004,4585.0,,,,,,,,,,,,0,
29,10,necessity,765534.6849426212,0.0,92.16851068698136,8555.480235868026,1.0,114.0,56054.0,,,4585.0,966769.2666530869,201234.58171046572,1.1000000000000003,4585.0,,,,,,,,,,,,0,
30,10,necessity,-85712.12201674224,0.0,235.58289634396718,3706.952820173768,1.0,113.0,27296.0,,,4585.0,422592.62149980955,508304.7435165518,1.1250000000000002,4585.0,,,,,,,,,,,,0,
31,10,necessity,878912.9980266239,0.0,95.6796920464854,9558.82813926628,1.0,114.0,60919.0,,,4585.0,1080147.5797370896,201234.58171046572,1.1800000000000002,4585.0,,,,,,,,,,,,0,
32,10,necessity,-41064.932820430375,0.0,230.7225053983403,3848.1700704661016,1.0,113.0,29875.0,,,4585.0,438691.38803313556,479756.32085356594,1.205,4585.0,,,,,,,,,,,,0,
33,10,necessity,856628.1055409245,0.0,99.19087340598944,9361.616701339735,1.0,114.0,59364.0,,,4585.0,1057862.6872513902,201234.58171046572,1.26,4585.0,,,,,,,,,,,,0,
34,10,necessity,-30385.501152313023,0.0,241.79419260100454,3989.3873207584347,1.0,113.0,26122.0,,,4585.0,454790.15456646157,485175.6557187746,1.285,4585.0,,,,,,,,,,,,0,
35,10,necessity,907391.7913651401,0.0,102.7020547654935,9810.852859076158,1.0,114.0,53390.0,,,4585.0,1108626.3730756058,201234.58171046572,1.3399999999999999,4585.0,,,,,,,,,,,,0,
36,10,necessity,-2224.041083759337,0.0,244.03754750709945,4130.60457105077,1.0,113.0,26346.0,,,4585.0,470888.9210997877,473112.96218354703,1.3649999999999998,4585.0,,,,,,,,,,,,0,
37,10,necessity,917677.5736095852,0.0,105.77433845505954,9901.877480708416,1.0,114.0,47719.0,,,4585.0,1118912.155320051,201234.58171046572,1.4099999999999997,4585.0,,,,,,,,,,,,0,
38,10,necessity,7436.98052282288,0.0,252.56936224306898,4254.169665056561,1.0,113.0,24882.0,,,4585.0,484975.34181644797,477538.3612936251,1.4249999999999996,4585.0,,,,,,,,,,,,0,
39,10,necessity,956795.9441740056,0.0,108.40772447468757,10248.057751190012,1.0,114.0,46850.0,,,4585.0,1158030.5258844714,201234.58171046572,1.4699999999999995,4585.0,,,,,,,,,,,,0,
40,10,necessity,-23040.55079221324,0.0,283.01515128704045,4360.082602775811,1.0,113.0,19890.0,,,4585.0,497049.4167164425,520089.96750865574,1.4949999999999994,4585.0,,,,,,,,,,,,0,
12,11,necessity,-176633.34734091908,0.0,114.08070819026143,3103.364124804642,1.0,89.0,59202.0,,,5895.0,279302.7712324178,455936.11857333686,0.47500000000000003,5895.0,,,,,,,,,,,,0,
13,11,necessity,481348.8114829267,0.0,49.93752729940724,7556.244660467316,1.0,90.0,112143.0,,,5895.0,672505.7747815911,191156.96329866446,0.54,5895.0,,,,,,,,,,,,0,
14,11,necessity,-217190.1396923018,0.0,136.67950539117132,3270.908038111175,1.0,89.0,44550.0,,,5895.0,294381.7234300057,511571.8631223075,0.5750000000000001,5895.0,,,,,,,,,,,,0,
15,11,necessity,614568.7209822905,0.0,53.180223877290835,9053.097576190505,1.0,90.0,95513.0,,,5895.0,805725.6842809549,191156.96329866446,0.6400000000000001,5895.0,,,,,,,,,,,,0,
16,11,necessity,-130270.83367540623,0.0,125.33912499389317,3483.3046639625495,1.0,89.0,59622.0,,,5895.0,313497.41975662945,443768.2534320357,0.6650000000000001,5895.0,,,,,,,,,,,,0,
17,11,necessity,547717.1785403357,0.0,55.450111481809344,8301.956649876407,1.0,90.0,111911.0,,,5895.0,738874.1418390002,191156.96329866446,0.7100000000000002,5895.0,,,,,,,,,,,,0,
18,11,necessity,-128063.58699928236,0.0,133.89726204856564,3631.9823020585122,1.0,89.0,31883.0,,,5895.0,326878.4071852661,454941.99418454844,0.7350000000000002,5895.0,,,,,,,,,,,,0,
19,11,necessity,598167.39647763,0.0,58.044268744116216,8868.813031194319,1.0,90.0,82046.0,,,5895.0,789324.3597762944,191156.96329866446,0.7900000000000003,5895.0,,,,,,,,,,,,0,
20,11,necessity,-110859.60902749363,0.0,139.48269556453502,3801.899602739612,1.0,89.0,37881.0,,,5895.0,342170.96424656507,453030.5732740587,0.8150000000000003,5895.0,,,,,,,,,,,,0,
21,11,necessity,631093.5270542696,0.0,60.31415634863473,9238.76955452735,1.0,90.0,83745.0,,,5895.0,822250.490352934,191156.96329866446,0.8600000000000003,5895.0,,,,,,,,,,,,0,
22,11,necessity,-132356.79546383728,0.0,155.1872605140816,3950.577240835575,1.0,89.0,36456.0,,,5895.0,355551.95167520177,487908.74713903904,0.8750000000000003,5895.0,,,,,,,,,,,,0,
23,11,necessity,723671.9374318466,0.0,62.259774295364885,10278.976412702372,1.0,90.0,76031.0,,,5895.0,914828.900730511,191156.96329866446,0.9200000000000004,5895.0,,,,,,,,,,,,0,
24,11,necessity,-124522.09687395254,0.0,162.1801597759279,4078.0152163464,1.0,89.0,37736.0,,,5895.0,367021.369471176,491543.46634512855,0.9450000000000004,5895.0,,,,,,,,,,,,0,
25,11,necessity,764895.0785804306,0.0,64.85393155767176,10742.157773922416,1.0,90.0,68093.0,,,5895.0,956052.041879095,191156.96329866446,1.0000000000000004,5895.0,,,,,,,,,,,,0,
26,11,necessity,-61503.32872738596,0.0,152.45630903286892,4247.9325170275,1.0,89.0,26485.0,,,5895.0,382313.926532475,443817.25525986095,1.0250000000000004,5895.0,,,,,,,,,,,,0,
27,11,necessity,707572.9784500978,0.0,67.12381916219026,10098.089233132161,1.0,90.0,86860.0,,,5895.0,898729.9417487623,191156.96329866446,1.0700000000000003,5895.0,,,,,,,,,,,,0,
28,11,necessity,-90554.61897658458,0.0,171.98138693861154,4396.6101551234615,1.0,89.0,38065.0,,,5895.0,395694.91396111157,486249.53293769615,1.0850000000000002,5895.0,,,,,,,,,,,,0,
29,11,necessity,822673.3127044506,0.0,69.39370676670877,11391.351415765337,1.0,90.0,92352.0,,,5895.0,1013830.276003115,191156.96329866446,1.1400000000000001,5895.0,,,,,,,,,,,,0,
30,11,necessity,-34418.13103679381,0.0,163.63011371740433,4545.287793219424,1.0,89.0,39484.0,,,5895.0,409075.9013897482,443494.032426542,1.175,5895.0,,,,,,,,,,,,0,
31,11,necessity,773442.557065434,0.0,72.63640334459235,10838.196858023579,1.0,90.0,87031.0,,,5895.0,964599.5203640985,191156.96329866446,1.24,5895.0,,,,,,,,,,,,0,
32,11,necessity,-39055.22286801564,0.0,180.32001978781366,4757.684419070799,1.0,89.0,33760.0,,,5895.0,428191.59771637194,467246.8205843876,1.275,5895.0,,,,,,,,,,,,0,
33,11,necessity,871829.553350497,0.0,75.55483026468758,11943.668726395073,1.0,90.0,94354.0,,,5895.0,1062986.5166491615,191156.96329866446,1.3299999999999998,5895.0,,,,,,,,,,,,0,
34,11,necessity,-61505.888516156294,0.0,202.5026799388261,4948.8413823370365,1.0,89.0,33177.0,,,5895.0,445395.72441033326,506901.61292648956,1.3549999999999998,5895.0,,,,,,,,,,,,0,
35,11,necessity,1002596.3349407155,0.0,78.14898752699445,13412.958407184044,1.0,90.0,83817.0,,,5895.0,1193753.29823938,191156.96329866446,1.4099999999999997,5895.0,,,,,,,,,,,,0,
36,11,necessity,25319.47294133983,0.0,179.83427457021673,5118.758683018136,1.0,89.0,29513.0,,,5895.0,460688.28147163225,435368.8085302924,1.4349999999999996,5895.0,,,,,,,,,,,,0,
37,11,necessity,868966.0852927633,0.0,80.7431447893013,11911.49492799357,1.0,90.0,63990.0,,,5895.0,1060123.0485914277,191156.96329866446,1.4899999999999995,5895.0,,,,,,,,,,,,0,
38,11,necessity,24879.954957673966,0.0,191.68917950200677,5288.675983699235,1.0,89.0,30998.0,,,5895.0,475980.8385329312,451100.8835752572,1.5049999999999994,5895.0,,,,,,,,,,,,0,
39,11,necessity,938850.7498656656,0.0,82.68876273603145,12696.7158782509,1.0,90.0,74003.0,,,5895.0,1130007.71316433,191156.96329866446,1.5499999999999994,5895.0,,,,,,,,,,,,0,
40,11,necessity,35358.914850739064,0.0,196.71149969377183,5416.11395921006,1.0,89.0,35474.0,,,5895.0,487450.2563289054,452091.34147816635,1.5649999999999993,5895.0,,,,,,,,,,,,0,
12,12,necessity,-162665.03160193242,0.0,127.77105503093476,6034.490173120482,1.0,43.0,47843.0,,,5010.0,265517.5676173012,428182.5992192336,0.49500000000000005,5010.0,,,,,,,,,,,,0,
13,12,necessity,467057.42291699594,0.0,53.89179199508347,14886.81362104612,1.0,44.0,138723.0,,,5010.0,640132.9857049831,173075.56278798718,0.56,5010.0,,,,,,,,,,,,0,
14,12,necessity,-147566.77626106108,0.0,132.93725014901545,6136.3154067129135,1.0,43.0,34733.0,,,5010.0,269997.8778953682,417564.6541564293,0.5950000000000001,5010.0,,,,,,,,,,,,0,
15,12,necessity,492940.06045858026,0.0,57.346394046050364,15488.735424338778,1.0,44.0,100174.0,,,5010.0,666015.6232465674,173075.56278798718,0.6600000000000001,5010.0,,,,,,,,,,,,0,
16,12,necessity,-146436.8175504554,0.0,146.74513303805074,6529.66895842528,1.0,43.0,41876.0,,,5010.0,287305.4341707123,433742.2517211677,0.6950000000000002,5010.0,,,,,,,,,,,,0,
17,12,necessity,562117.553732647,0.0,60.11007568682388,17097.514337689165,1.0,44.0,90277.0,,,5010.0,735193.1165206342,173075.56278798718,0.7400000000000002,5010.0,,,,,,,,,,,,0,
18,12,necessity,-108881.11401188915,0.0,143.63417184179934,6844.351799795174,1.0,43.0,44421.0,,,5010.0,301151.47919098765,410032.5932028768,0.7550000000000002,5010.0,,,,,,,,,,,,0,
19,12,necessity,546531.6381394275,0.0,62.18283691740402,16735.051184358483,1.0,44.0,84021.0,,,5010.0,719607.2009274147,173075.56278798718,0.8000000000000003,5010.0,,,,,,,,,,,,0,
20,12,necessity,-104001.0376101961,0.0,151.36828685275327,7080.363930822594,1.0,43.0,30113.0,,,5010.0,311536.0129561941,415537.0505663902,0.8250000000000003,5010.0,,,,,,,,,,,,0,
21,12,necessity,585279.5543443067,0.0,64.94651855817753,17636.16551470451,1.0,44.0,83101.0,,,5010.0,758355.1171322939,173075.56278798718,0.8800000000000003,5010.0,,,,,,,,,,,,0,
22,12,necessity,-100551.75288482069,0.0,161.10670088244277,7395.046772192486,1.0,43.0,35637.0,,,5010.0,325382.0579764694,425933.8108612901,0.8950000000000004,5010.0,,,,,,,,,,,,0,
23,12,necessity,634069.0086330511,0.0,67.01927978875767,18770.80398653577,1.0,44.0,70624.0,,,5010.0,807144.5714210382,173075.56278798718,0.9400000000000004,5010.0,,,,,,,,,,,,0,
24,12,necessity,-79976.33864677261,0.0,163.06084991022766,7631.058903219907,1.0,43.0,25842.0,,,5010.0,335766.5917416759,415742.9303884485,0.9650000000000004,5010.0,,,,,,,,,,,,0,
25,12,necessity,643859.2952622534,0.0,69.78296142953118,18998.485070935825,1.0,44.0,102165.0,,,5010.0,816934.8580502406,173075.56278798718,1.0200000000000005,5010.0,,,,,,,,,,,,0,
26,12,necessity,-100423.51233810099,0.0,182.7991144183248,7945.741744589802,1.0,43.0,37369.0,,,5010.0,349612.63676195126,450036.14910005225,1.0350000000000004,5010.0,,,,,,,,,,,,0,
27,12,necessity,742748.00044782,0.0,72.201182865208,21298.222400832725,1.0,44.0,71537.0,,,5010.0,915823.5632358072,173075.56278798718,1.0900000000000003,5010.0,,,,,,,,,,,,0,
28,12,necessity,-52942.552078103414,0.0,175.88318684008127,8221.089230788457,1.0,43.0,32636.0,,,5010.0,361727.9261546921,414670.4782327955,1.1250000000000002,5010.0,,,,,,,,,,,,0,
29,12,necessity,708099.2032808199,0.0,75.6557849161749,20492.436420204816,1.0,44.0,78203.0,,,5010.0,881174.7660688071,173075.56278798718,1.1900000000000002,5010.0,,,,,,,,,,,,0,
30,12,necessity,-64594.33059080131,0.0,195.25024700912107,8614.442782500824,1.0,43.0,29676.0,,,5010.0,379035.48243003624,443629.81302083755,1.205,5010.0,,,,,,,,,,,,0,
31,12,necessity,805128.1747277094,0.0,77.72854614675501,22748.924128272014,1.0,44.0,66083.0,,,5010.0,978203.7375156966,173075.56278798718,1.25,5010.0,,,,,,,,,,,,0,
32,12,necessity,-52286.09423680499,0.0,200.57512994657344,8850.454913528241,1.0,43.0,33910.0,,,5010.0,389420.0161952426,441706.1104320476,1.275,5010.0,,,,,,,,,,,,0,
33,12,necessity,831805.8382443457,0.0,80.49222778752852,23369.334907728673,1.0,44.0,60954.0,,,5010.0,1004881.4010323329,173075.56278798718,1.3299999999999998,5010.0,,,,,,,,,,,,0,
34,12,necessity,184.0365808281349,0.0,189.47268818866695,9165.137754898133,1.0,43.0,30439.0,,,5010.0,403266.06121551787,403082.02463468973,1.3549999999999998,5010.0,,,,,,,,,,,,0,
35,12,necessity,776182.6050372343,0.0,82.91044922320532,22075.77134477259,1.0,44.0,83208.0,,,5010.0,949258.1678252214,173075.56278798718,1.3999999999999997,5010.0,,,,,,,,,,,,0,
36,12,necessity,-60639.82248203538,0.0,230.40945000270526,9440.485241096787,1.0,43.0,29155.0,,,5010.0,415381.3506082586,476021.173090294,1.4249999999999996,5010.0,,,,,,,,,,,,0,
37,12,necessity,981275.7817255663,0.0,86.01959106907552,26845.38010496636,1.0,44.0,64422.0,,,5010.0,1154351.3445135534,173075.56278798718,1.4899999999999995,5010.0,,,,,,,,,,,,0,
38,12,necessity,26043.711634613108,0.0,204.07364467866276,9794.503437637917,1.0,43.0,30800.0,,,5010.0,430958.1512560683,404914.4396214552,1.5249999999999995,5010.0,,,,,,,,,,,,0,
39,12,necessity,849333.3970521132,0.0,89.12873291494572,23776.95255442094,1.0,44.0,59554.0,,,5010.0,1022408.9598401004,173075.56278798718,1.5799999999999994,5010.0,,,,,,,,,,,,0,
40,12,necessity,30786.9674334983,0.0,215.34251885933983,10148.521634179046,1.0,43.0,27336.0,,,5010.0,446534.951903878,415747.9844703797,1.5949999999999993,5010.0,,,,,,,,,,,,0,
