data/saved_data/run_2025_05_03_1652_all_necessities_randomly_selected/firm_data.csv
Step,AgentID,FirmType,Profit,Inventory,ProductPrice,RevenuePerEmployee,ProductionLevel,NumEmployees,DemandReceived,InventoryDemandRatio,SellThroughRate,ProductionCapacity,Revenue,Costs,Markup,ProducedUnits,IncomeBracket,NumPeople,SpendRatio,PostTaxIncome,HouseholdExpense,HouseholdSavings,HealthLevel,Welfare,SkillLevel,SkillType,JobLevel,IsEmployed,Wage
13,7,necessity,587784.376680509,0.0,74.61426393568345,10970.173089199414,1.0,74.0,69212.0,,,4397.0,800822.6355115572,213038.25883104833,0.54,4397.0,,,,,,,,,,,,0,
14,7,necessity,-193135.13364671997,0.0,186.6982333372927,4433.498898989192,1.0,73.0,40476.0,,,4397.0,328078.91852520016,521214.05217192014,0.5750000000000001,4397.0,,,,,,,,,,,,0,
15,7,necessity,607873.8731530276,0.0,79.45934600942914,11245.37167101474,1.0,74.0,67196.0,,,4397.0,820912.131984076,213038.25883104833,0.6400000000000001,4397.0,,,,,,,,,,,,0,
16,7,necessity,-148220.5235864197,0.0,189.55776067625442,4721.388437884594,1.0,73.0,27844.0,,,4397.0,349382.74440345995,497603.26798987965,0.6750000000000002,4397.0,,,,,,,,,,,,0,
17,7,necessity,620447.2148624423,0.0,84.30442808317483,11417.609228677955,1.0,74.0,90401.0,,,4397.0,833485.4736934907,213038.25883104833,0.7400000000000002,4397.0,,,,,,,,,,,,0,
18,7,necessity,-157076.23477338004,0.0,211.84929513541093,5009.277976779997,1.0,73.0,32128.0,,,4397.0,370686.57028171973,527762.8050550998,0.7650000000000002,4397.0,,,,,,,,,,,,0,
19,7,necessity,718463.0918793536,0.0,88.18049374217136,12760.292475484957,1.0,74.0,74942.0,,,4397.0,931501.3507104019,213038.25883104833,0.8200000000000003,4397.0,,,,,,,,,,,,0,
20,7,necessity,-135796.4044917716,0.0,220.86440654703196,5239.589607896317,1.0,73.0,30545.0,,,4397.0,387729.63098432746,523526.03547609906,0.8550000000000003,4397.0,,,,,,,,,,,,0,
21,7,necessity,758102.5367562512,0.0,93.02557581591705,13303.298569689034,1.0,74.0,60492.0,,,4397.0,971140.7955872995,213038.25883104833,0.9200000000000004,4397.0,,,,,,,,,,,,0,
22,7,necessity,-71297.43674173387,0.0,211.38055012803753,5527.479146791719,1.0,73.0,30159.0,,,4397.0,409033.45686258725,480330.8936043211,0.9350000000000004,4397.0,,,,,,,,,,,,0,
23,7,necessity,716402.0200819327,0.0,95.93262506016445,12732.058615246315,1.0,74.0,52009.0,,,4397.0,929440.278912981,213038.25883104833,0.9800000000000004,4397.0,,,,,,,,,,,,0,
24,7,necessity,-53440.993873048865,0.0,215.63275155293118,5700.212870128961,1.0,73.0,31009.0,,,4397.0,421815.7523895431,475256.746262592,0.9950000000000004,4397.0,,,,,,,,,,,,0,
25,7,necessity,735098.9497471901,0.0,98.83967430441187,12988.180939427923,1.0,74.0,61028.0,,,4397.0,948137.2085782384,213038.25883104833,1.0400000000000005,4397.0,,,,,,,,,,,,0,
26,7,necessity,-36588.09329277527,0.0,221.28710060856594,5872.946593466203,1.0,73.0,23574.0,,,4397.0,434598.047916499,471186.1412092743,1.0650000000000004,4397.0,,,,,,,,,,,,0,
27,7,necessity,759961.122544816,0.0,102.7157399634084,13328.758648984443,1.0,74.0,55076.0,,,4397.0,972999.3813758644,213038.25883104833,1.1200000000000003,4397.0,,,,,,,,,,,,0,
28,7,necessity,-20956.56494056451,0.0,230.5485580065832,6103.258224582523,1.0,73.0,22140.0,,,4397.0,451641.1086191067,472597.6735596712,1.1450000000000002,4397.0,,,,,,,,,,,,0,
29,7,necessity,800683.750723898,0.0,106.59180562240495,13886.602870615703,1.0,74.0,53594.0,,,4397.0,1013722.0095549463,213038.25883104833,1.2000000000000002,4397.0,,,,,,,,,,,,0,
30,7,necessity,-40520.50657353358,0.0,256.5131582559612,6333.5698556988455,1.0,73.0,25177.0,,,4397.0,468684.16932171455,509204.67589524813,1.215,4397.0,,,,,,,,,,,,0,
31,7,necessity,914850.098020413,0.0,109.49885486665232,15450.525436321388,1.0,74.0,49808.0,,,4397.0,1127888.3568514613,213038.25883104833,1.26,4397.0,,,,,,,,,,,,0,
32,7,necessity,6861.145028972533,0.0,246.63933489683188,6506.303579036085,1.0,73.0,25272.0,,,4397.0,481466.46484867024,474605.3198196977,1.285,4397.0,,,,,,,,,,,,0,
33,7,necessity,871434.8967103213,0.0,113.37492052564888,14855.79665125164,1.0,74.0,50904.0,,,4397.0,1084473.1555413697,213038.25883104833,1.3399999999999999,4397.0,,,,,,,,,,,,0,
34,7,necessity,-15849.363968344522,0.0,276.6565325079033,6736.615210152407,1.0,73.0,17405.0,,,4397.0,498509.5255512781,514358.8895196226,1.3649999999999998,4397.0,,,,,,,,,,,,0,
35,7,necessity,1003420.5146062025,0.0,117.25098618464543,16663.818814208917,1.0,74.0,53165.0,,,4397.0,1216458.7734372509,213038.25883104833,1.4199999999999997,4397.0,,,,,,,,,,,,0,
36,7,necessity,2008.7507062325021,0.0,285.56167332919046,6966.926841268729,1.0,73.0,20503.0,,,4397.0,515552.58625388594,513543.83554765343,1.4449999999999996,4397.0,,,,,,,,,,,,0,
37,7,necessity,1042576.418797402,0.0,121.12705184364195,17200.20106340343,1.0,74.0,56933.0,,,4397.0,1255614.6776284503,213038.25883104833,1.4999999999999996,4397.0,,,,,,,,,,,,0,
38,7,necessity,49640.08784089092,0.0,277.33972856255554,7197.238472385049,1.0,73.0,21320.0,,,4397.0,532595.6469564936,482955.5591156027,1.5249999999999995,4397.0,,,,,,,,,,,,0,
39,7,necessity,1006424.5276585084,0.0,125.48762571001305,16704.969677939134,1.0,74.0,52210.0,,,4397.0,1219462.7864895568,213038.25883104833,1.5899999999999994,4397.0,,,,,,,,,,,,0,
40,7,necessity,44634.61443862255,0.0,302.75824396043697,7456.33905739091,1.0,73.0,19513.0,,,4397.0,551769.0902469273,507134.4758083048,1.6249999999999993,4397.0,,,,,,,,,,,,0,
13,13,necessity,493229.682651775,0.0,40.87416875497427,9431.589474629667,1.0,73.0,154672.0,,,7002.0,679074.442173336,185844.75952156103,0.54,7002.0,,,,,,,,,,,,0,
14,13,necessity,-143465.32325086364,0.0,96.64729337027028,3920.560679757943,1.0,72.0,53446.0,,,7002.0,286200.92962232983,429666.2528731935,0.5750000000000001,7002.0,,,,,,,,,,,,0,
15,13,necessity,490879.5886570714,0.0,43.52833555724533,9398.949280258785,1.0,73.0,131978.0,,,7002.0,676724.3481786324,185844.75952156103,0.6400000000000001,7002.0,,,,,,,,,,,,0,
16,13,necessity,-198847.25379005075,0.0,120.47767842197595,4175.142542079888,1.0,72.0,36410.0,,,7002.0,304785.4055718318,503632.65936188254,0.6750000000000002,7002.0,,,,,,,,,,,,0,
17,13,necessity,657739.9447891146,0.0,45.91708567928928,11716.454226537162,1.0,73.0,94295.0,,,7002.0,843584.7043106756,185844.75952156103,0.7300000000000002,7002.0,,,,,,,,,,,,0,
18,13,necessity,-105694.21208807948,0.0,106.46584578531451,4404.266218169638,1.0,72.0,48524.0,,,7002.0,321511.43392638356,427205.64601446304,0.7450000000000002,7002.0,,,,,,,,,,,,0,
19,13,necessity,559629.0926672111,0.0,47.509585760651916,10353.803502621835,1.0,73.0,97822.0,,,7002.0,745473.8521887722,185844.75952156103,0.7900000000000003,7002.0,,,,,,,,,,,,0,
20,13,necessity,-172676.96254225646,0.0,130.26807240059094,4557.015335562804,1.0,72.0,39862.0,,,7002.0,332662.1194960847,505339.08203834115,0.8050000000000003,7002.0,,,,,,,,,,,,0,
21,13,necessity,726292.2834273768,0.0,49.10208584201455,12668.57004095747,1.0,73.0,97608.0,,,7002.0,912137.0429489377,185844.75952156103,0.8500000000000003,7002.0,,,,,,,,,,,,0,
22,13,necessity,-131910.05594515306,0.0,127.38936936134266,4709.764452955971,1.0,72.0,36922.0,,,7002.0,343812.8050657859,475722.86101093894,0.8750000000000003,7002.0,,,,,,,,,,,,0,
23,13,necessity,706135.6047465603,0.0,51.2254192838314,12388.616170390575,1.0,73.0,131866.0,,,7002.0,891980.3642681213,185844.75952156103,0.9300000000000004,7002.0,,,,,,,,,,,,0,
24,13,necessity,-99690.66441420908,0.0,127.97992046421473,4913.429942813526,1.0,72.0,43740.0,,,7002.0,358680.38582538744,458371.0502395965,0.9550000000000004,7002.0,,,,,,,,,,,,0,
25,13,necessity,710270.6435688706,0.0,53.61416940587535,12446.047265144884,1.0,73.0,88299.0,,,7002.0,896115.4030904316,185844.75952156103,1.0200000000000005,7002.0,,,,,,,,,,,,0,
26,13,necessity,-110264.58951820532,0.0,142.53840509242343,5142.553618903276,1.0,72.0,45538.0,,,7002.0,375406.4141799392,485671.0036981445,1.0550000000000004,7002.0,,,,,,,,,,,,0,
27,13,necessity,812209.1529355878,0.0,56.002919527919296,13861.85989523818,1.0,73.0,98956.0,,,7002.0,998053.9124571489,185844.75952156103,1.1100000000000003,7002.0,,,,,,,,,,,,0,
28,13,necessity,-54736.042633466364,0.0,135.6177564761913,5371.677294993026,1.0,72.0,42326.0,,,7002.0,392132.4425344909,446868.48516795726,1.1250000000000002,7002.0,,,,,,,,,,,,0,
29,13,necessity,763750.7713247305,0.0,57.59541960928192,13188.826817309604,1.0,73.0,97234.0,,,7002.0,949595.5308462915,185844.75952156103,1.1700000000000002,7002.0,,,,,,,,,,,,0,
30,13,necessity,-17908.102437399153,0.0,132.0358113263006,5524.426412386191,1.0,72.0,53323.0,,,7002.0,403283.128104192,421191.2305415911,1.195,7002.0,,,,,,,,,,,,0,
31,13,necessity,738669.9913851959,0.0,59.718753051098766,12840.482651482735,1.0,73.0,106345.0,,,7002.0,924514.7509067568,185844.75952156103,1.25,7002.0,,,,,,,,,,,,0,
32,13,necessity,-25025.681971041893,0.0,143.99118666170514,5728.091902243747,1.0,72.0,40880.0,,,7002.0,418150.7088637936,443176.3908348355,1.275,7002.0,,,,,,,,,,,,0,
33,13,necessity,822381.5294836983,0.0,62.10750317314272,14003.142902850825,1.0,73.0,80850.0,,,7002.0,1008226.2890052594,185844.75952156103,1.3399999999999999,7002.0,,,,,,,,,,,,0,
34,13,necessity,-6149.736134034814,0.0,148.9613837945469,5957.215578333497,1.0,72.0,44160.0,,,7002.0,434876.7372183453,441026.4733523801,1.3649999999999998,7002.0,,,,,,,,,,,,0,
35,13,necessity,857182.8498078564,0.0,63.96541993473245,14486.494574019685,1.0,73.0,92963.0,,,7002.0,1043027.6093294173,185844.75952156103,1.4099999999999997,7002.0,,,,,,,,,,,,0,
36,13,necessity,8886.018463360844,0.0,152.03865192131934,6135.422881958858,1.0,72.0,30917.0,,,7002.0,447885.8703829966,438999.8519196358,1.4249999999999996,7002.0,,,,,,,,,,,,0,
37,13,necessity,878729.8812315171,0.0,65.82333669632219,14785.758899348306,1.0,73.0,107879.0,,,7002.0,1064574.640753078,185844.75952156103,1.4799999999999995,7002.0,,,,,,,,,,,,0,
38,13,necessity,41288.59776415542,0.0,150.1162591170426,6313.630185584218,1.0,72.0,29023.0,,,7002.0,460895.00354764797,419606.40578349255,1.5049999999999994,7002.0,,,,,,,,,,,,0,
39,13,necessity,865269.2868159714,0.0,68.21208681836613,14598.806199132394,1.0,73.0,94354.0,,,7002.0,1051114.0463375323,185844.75952156103,1.5699999999999994,7002.0,,,,,,,,,,,,0,
40,13,necessity,57107.06050971971,0.0,155.8460090842101,6542.7538616739685,1.0,72.0,39253.0,,,7002.0,477621.03190219967,420513.97139247996,1.5949999999999993,7002.0,,,,,,,,,,,,0,
13,14,necessity,502101.6711007806,0.0,43.44015313391432,13264.033022398577,1.0,53.0,151513.0,,,6738.0,689729.717164726,187628.04606394542,0.56,6738.0,,,,,,,,,,,,0,
14,14,necessity,-136237.4609756287,0.0,101.53678455055105,5522.636826722919,1.0,52.0,53996.0,,,6738.0,292699.7518163147,428937.2127919434,0.5950000000000001,6738.0,,,,,,,,,,,,0,
15,14,necessity,496526.80823766754,0.0,46.22477833480627,13156.824121184864,1.0,53.0,121764.0,,,6738.0,684154.8543016129,187628.04606394542,0.6600000000000001,6738.0,,,,,,,,,,,,0,
16,14,necessity,-181860.6352888418,0.0,124.09955622176604,5876.652007923106,1.0,52.0,48832.0,,,6738.0,311462.5564199246,493323.1917087664,0.6950000000000002,6738.0,,,,,,,,,,,,0,
17,14,necessity,648554.7637583142,0.0,48.73094101560902,16080.438650428068,1.0,53.0,129735.0,,,6738.0,836182.8098222596,187628.04606394542,0.7500000000000002,6738.0,,,,,,,,,,,,0,
18,14,necessity,-163437.57119947375,0.0,128.82211935771005,6195.265671003275,1.0,52.0,49728.0,,,6738.0,328349.0805631736,491786.6517626473,0.7650000000000002,6738.0,,,,,,,,,,,,0,
19,14,necessity,680375.394168305,0.0,50.40171613614419,16692.3738506202,1.0,53.0,123131.0,,,6738.0,868003.4402322504,187628.04606394542,0.8100000000000003,6738.0,,,,,,,,,,,,0,
20,14,necessity,-94729.3578939591,0.0,118.28536395356602,6407.6747797233875,1.0,52.0,52704.0,,,6738.0,339606.76332533953,434336.1212192986,0.8350000000000003,6738.0,,,,,,,,,,,,0,
21,14,necessity,609378.7362551824,0.0,52.62941629685774,15327.053506137074,1.0,53.0,99272.0,,,6738.0,797006.7823191278,187628.04606394542,0.8900000000000003,6738.0,,,,,,,,,,,,0,
22,14,necessity,-112795.48897065496,0.0,132.84282126249886,6690.886924683537,1.0,52.0,40181.0,,,6738.0,354617.00700822746,467412.4959788824,0.9150000000000004,6738.0,,,,,,,,,,,,0,
23,14,necessity,707466.8836027719,0.0,54.5786539374821,17213.364032052257,1.0,53.0,120083.0,,,6738.0,895094.9296667173,187628.04606394542,0.9600000000000004,6738.0,,,,,,,,,,,,0,
24,14,necessity,-64539.14486174,0.0,126.71014799361332,6938.697551523668,1.0,52.0,45081.0,,,6738.0,367750.9702307544,432290.1150924944,0.9750000000000004,6738.0,,,,,,,,,,,,0,
25,14,necessity,666144.9311170211,0.0,56.52789157810646,16418.711099633972,1.0,53.0,126137.0,,,6738.0,853772.9771809665,187628.04606394542,1.0300000000000005,6738.0,,,,,,,,,,,,0,
26,14,necessity,-51612.93002720468,0.0,131.906071433733,7186.508178363799,1.0,52.0,44613.0,,,6738.0,380884.93345328135,432497.86348048603,1.0550000000000004,6738.0,,,,,,,,,,,,0,
27,14,necessity,701155.0632565474,0.0,59.03405425890921,17091.982871547938,1.0,53.0,118827.0,,,6738.0,888783.1093204928,187628.04606394542,1.1200000000000003,6738.0,,,,,,,,,,,,0,
28,14,necessity,-50240.172633295064,0.0,142.62168992287826,7505.121841443967,1.0,52.0,40655.0,,,6738.0,397771.45759653026,448011.6302298253,1.1450000000000002,6738.0,,,,,,,,,,,,0,
29,14,necessity,773356.9006364084,0.0,61.26175441962276,18480.47974423757,1.0,53.0,87171.0,,,6738.0,960984.9467003538,187628.04606394542,1.2000000000000002,6738.0,,,,,,,,,,,,0,
30,14,necessity,-968.9337022856926,0.0,136.62736163515342,7788.333986404117,1.0,52.0,31889.0,,,6738.0,412781.7012794182,413750.6349817039,1.225,6738.0,,,,,,,,,,,,0,
31,14,necessity,732967.1166337184,0.0,63.21099206024712,17703.753128801225,1.0,53.0,72607.0,,,6738.0,920595.1626976638,187628.04606394542,1.27,6738.0,,,,,,,,,,,,0,
32,14,necessity,-71779.97145861812,0.0,168.77924131806287,8036.144613244247,1.0,52.0,37278.0,,,6738.0,425915.6645019451,497695.6359605632,1.285,6738.0,,,,,,,,,,,,0,
33,14,necessity,949606.4819371623,0.0,64.88176718078229,21869.89476925207,1.0,53.0,105910.0,,,6738.0,1137234.5280011077,187628.04606394542,1.3299999999999998,6738.0,,,,,,,,,,,,0,
34,14,necessity,-10844.274605645158,0.0,155.9218348365474,8248.553721964361,1.0,52.0,30525.0,,,6738.0,437173.3472641111,448017.62186975626,1.3449999999999998,6738.0,,,,,,,,,,,,0,
35,14,necessity,862973.2770647109,0.0,67.10946734149583,20203.871598628004,1.0,53.0,72265.0,,,6738.0,1050601.3231286563,187628.04606394542,1.4099999999999997,6738.0,,,,,,,,,,,,0,
36,14,necessity,9402.354529418575,0.0,160.6708404393459,8531.765866924508,1.0,52.0,41836.0,,,6738.0,452183.5909469989,442781.23641758034,1.4449999999999996,6738.0,,,,,,,,,,,,0,
37,14,necessity,894972.0768163675,0.0,69.61563002229857,20819.233132313708,1.0,53.0,91215.0,,,6738.0,1082600.1228803128,187628.04606394542,1.4999999999999996,6738.0,,,,,,,,,,,,0,
38,14,necessity,48286.650840297225,0.0,157.0600196544324,8850.379530004677,1.0,52.0,42978.0,,,6738.0,469070.1150902478,420783.4642499506,1.5149999999999995,6738.0,,,,,,,,,,,,0,
39,14,necessity,870642.3663676202,0.0,71.56486766292294,20351.354085222414,1.0,53.0,92754.0,,,6738.0,1058270.4124315656,187628.04606394542,1.5699999999999994,6738.0,,,,,,,,,,,,0,
40,14,necessity,55468.37905669329,0.0,164.98167058431437,9098.190156844807,1.0,52.0,36400.0,,,6738.0,482204.0783127747,426735.6992560814,1.6049999999999993,6738.0,,,,,,,,,,,,0,
