data/saved_data/run_2025_05_03_1652_all_necessities_randomly_selected/firm_data.csv
Step,AgentID,FirmType,Profit,Inventory,ProductPrice,RevenuePerEmployee,ProductionLevel,NumEmployees,DemandReceived,InventoryDemandRatio,SellThroughRate,ProductionCapacity,Revenue,Costs,Markup,ProducedUnits,IncomeBracket,NumPeople,SpendRatio,PostTaxIncome,HouseholdExpense,HouseholdSavings,HealthLevel,Welfare,SkillLevel,SkillType,JobLevel,IsEmployed,Wage
14,20,necessity,-123940.73008309497,0.0,113.66921103920883,5510.524329533733,1.0,48.0,38354.0,,,5424.0,270015.6921471529,393956.4222302479,0.5650000000000001,5424.0,,,,,,,,,,,,0,
15,20,necessity,443245.00208136684,0.0,52.078499568263936,12844.620847430599,1.0,49.0,74269.0,,,5424.0,616541.8006766688,173296.7985953019,0.6300000000000001,5424.0,,,,,,,,,,,,0,
16,20,necessity,-121129.67286550178,0.0,123.14965286019212,5764.771054250277,1.0,48.0,37016.0,,,5424.0,282473.7816582636,403603.45452376537,0.6550000000000001,5424.0,,,,,,,,,,,,0,
17,20,necessity,494666.91851838015,0.0,54.63449954707444,13915.91077320171,1.0,49.0,86660.0,,,5424.0,667963.7171136821,173296.7985953019,0.7100000000000002,5424.0,,,,,,,,,,,,0,
18,20,necessity,-117372.57850820979,0.0,132.33536696111528,6047.704602925138,1.0,48.0,30302.0,,,5424.0,296337.52554333175,413710.10405154154,0.7350000000000002,5424.0,,,,,,,,,,,,0,
19,20,necessity,544490.2318017874,0.0,57.50999952323625,14953.896466606027,1.0,49.0,93372.0,,,5424.0,717787.0303970893,173296.7985953019,0.8000000000000003,5424.0,,,,,,,,,,,,0,
20,20,necessity,-119655.07825330266,0.0,145.21580032221104,6366.004845184356,1.0,48.0,21454.0,,,5424.0,311934.23741403344,431589.3156673361,0.8250000000000003,5424.0,,,,,,,,,,,,0,
21,20,necessity,614353.7023523707,0.0,60.385499499398065,16409.385436409848,1.0,49.0,68354.0,,,5424.0,787650.5009476726,173296.7985953019,0.8900000000000003,5424.0,,,,,,,,,,,,0,
22,20,necessity,-81258.0275961135,0.0,144.3272290896936,6684.305087443574,1.0,48.0,28000.0,,,5424.0,327530.94928473514,408788.97688084864,0.9150000000000004,5424.0,,,,,,,,,,,,0,
23,20,necessity,609534.0919871961,0.0,62.621999480857255,16308.976887135375,1.0,49.0,70994.0,,,5424.0,782830.890582498,173296.7985953019,0.9600000000000004,5424.0,,,,,,,,,,,,0,
24,20,necessity,-54789.3948388478,0.0,143.62849592585388,6931.871942534077,1.0,48.0,33969.0,,,5424.0,339661.7251841698,394451.1200230176,0.9750000000000004,5424.0,,,,,,,,,,,,0,
25,20,necessity,605744.1633065295,0.0,64.53899946496513,16230.020039621488,1.0,49.0,66640.0,,,5424.0,779040.9619018314,173296.7985953019,1.0200000000000005,5424.0,,,,,,,,,,,,0,
26,20,necessity,-75613.84172507923,0.0,161.2755872234684,7144.072104040222,1.0,48.0,28819.0,,,5424.0,350059.5330979709,425673.3748230501,1.0550000000000004,5424.0,,,,,,,,,,,,0,
27,20,necessity,701461.9865047906,0.0,67.41449944112694,18224.141356251926,1.0,49.0,61650.0,,,5424.0,874758.7851000925,173296.7985953019,1.1100000000000003,5424.0,,,,,,,,,,,,0,
28,20,necessity,-31084.154317009496,0.0,156.16533044225034,7462.372346299439,1.0,48.0,28069.0,,,5424.0,365656.2449686725,396740.399285682,1.1350000000000002,5424.0,,,,,,,,,,,,0,
29,20,necessity,673743.9537234639,0.0,69.65099942258612,17646.68233997429,1.0,49.0,61330.0,,,5424.0,847040.7523187659,173296.7985953019,1.1800000000000002,5424.0,,,,,,,,,,,,0,
30,20,necessity,-39604.988861709484,0.0,168.91140508628988,7709.939201389941,1.0,48.0,24412.0,,,5424.0,377787.02086810715,417392.00972981664,1.195,5424.0,,,,,,,,,,,,0,
31,20,necessity,742878.6625927343,0.0,71.8874994040453,19086.988774750756,1.0,49.0,65049.0,,,5424.0,916175.4611880362,173296.7985953019,1.25,5424.0,,,,,,,,,,,,0,
32,20,necessity,-58713.86396219715,0.0,188.17054350515954,7957.5060564804435,1.0,48.0,24835.0,,,5424.0,389917.79676754173,448631.6607297389,1.275,5424.0,,,,,,,,,,,,0,
33,20,necessity,847340.2293766835,0.0,74.4434993828558,21263.27141608303,1.0,49.0,57375.0,,,5424.0,1020637.0279719854,173296.7985953019,1.3299999999999998,5424.0,,,,,,,,,,,,0,
34,20,necessity,-74803.23692323093,0.0,207.7926163317316,8240.439605155305,1.0,48.0,23573.0,,,5424.0,403781.5406526099,478584.7775758408,1.3549999999999998,5424.0,,,,,,,,,,,,0,
35,20,necessity,953770.3523880102,0.0,76.9994993616663,23480.56564548567,1.0,49.0,59625.0,,,5424.0,1127067.1509833122,173296.7985953019,1.4099999999999997,5424.0,,,,,,,,,,,,0,
36,20,necessity,-3568.2186058718944,0.0,189.09566371044397,8523.373153830164,1.0,48.0,23492.0,,,5424.0,417645.284537678,421213.5031435499,1.4349999999999996,5424.0,,,,,,,,,,,,0,
37,20,necessity,852358.0813701461,0.0,79.55549934047679,21367.80999928017,1.0,49.0,59481.0,,,5424.0,1025654.879965448,173296.7985953019,1.4899999999999995,5424.0,,,,,,,,,,,,0,
38,20,necessity,26165.8903372949,0.0,187.9494823187611,8806.306702505022,1.0,48.0,20566.0,,,5424.0,431509.0284227461,405343.1380854512,1.5149999999999995,5424.0,,,,,,,,,,,,0,
39,20,necessity,846141.1935016584,0.0,82.11149931928729,21238.291502020005,1.0,49.0,49205.0,,,5424.0,1019437.9920969603,173296.7985953019,1.5699999999999994,5424.0,,,,,,,,,,,,0,
14,21,necessity,-142963.08751491708,0.0,100.40524499046427,6307.735044178578,1.0,42.0,56907.0,,,6456.0,271232.6068996789,414195.69441459596,0.5650000000000001,6456.0,,,,,,,,,,,,0,
15,21,necessity,472879.14508557005,0.0,44.26881969787869,15433.72051567708,1.0,43.0,110211.0,,,6456.0,648216.2616584373,175337.11657286726,0.6300000000000001,6456.0,,,,,,,,,,,,0,
16,21,necessity,-172913.72798209387,0.0,118.30197094502941,6646.49999929081,1.0,42.0,33916.0,,,6456.0,285799.49996950483,458713.2279515987,0.6650000000000001,6456.0,,,,,,,,,,,,0,
17,21,necessity,588420.4078482426,0.0,46.98469820695101,18184.702962407377,1.0,43.0,89704.0,,,6456.0,763757.5244211098,175337.11657286726,0.7300000000000002,6456.0,,,,,,,,,,,,0,
18,21,necessity,-92370.29724228167,0.0,107.56810067423935,7054.260735443621,1.0,42.0,35140.0,,,6456.0,303333.2116240757,395703.5088663574,0.7550000000000002,6456.0,,,,,,,,,,,,0,
19,21,necessity,519122.54138002195,0.0,48.88581316330163,16534.753760783078,1.0,43.0,70857.0,,,6456.0,694459.6579528892,175337.11657286726,0.8000000000000003,6456.0,,,,,,,,,,,,0,
20,21,necessity,-86684.03725689114,0.0,113.09756618076048,7339.693250750588,1.0,42.0,31638.0,,,6456.0,315606.8097822753,402290.84703916643,0.8150000000000003,6456.0,,,,,,,,,,,,0,
21,21,necessity,554820.7706901224,0.0,50.515340268745014,17384.711601499752,1.0,43.0,104012.0,,,6456.0,730157.8872629897,175337.11657286726,0.8600000000000003,6456.0,,,,,,,,,,,,0,
22,21,necessity,-93997.96250104951,0.0,122.01585711285787,7584.349692442274,1.0,42.0,35231.0,,,6456.0,326127.0367750178,420124.9992760673,0.8750000000000003,6456.0,,,,,,,,,,,,0,
23,21,necessity,612397.2569477431,0.0,52.41645522509563,18755.580321919297,1.0,43.0,117841.0,,,6456.0,787734.3735206104,175337.11657286726,0.9300000000000004,6456.0,,,,,,,,,,,,0,
24,21,necessity,-52514.168852158065,0.0,118.98196860583658,7869.782207749243,1.0,42.0,25221.0,,,6456.0,338400.6349332174,390914.8037853755,0.9650000000000004,6456.0,,,,,,,,,,,,0,
25,21,necessity,592810.4727464138,0.0,55.13233373416794,18289.22831712574,1.0,43.0,81143.0,,,6456.0,768147.589319281,175337.11657286726,1.0300000000000005,6456.0,,,,,,,,,,,,0,
26,21,necessity,-41423.912906337704,0.0,126.48253146436593,8277.542943902052,1.0,42.0,36734.0,,,6456.0,355934.34658778826,397358.25949412596,1.0550000000000004,6456.0,,,,,,,,,,,,0,
27,21,necessity,641234.1065610792,0.0,57.03344869051857,19442.171979379676,1.0,43.0,60228.0,,,6456.0,816571.2231339464,175337.11657286726,1.1000000000000003,6456.0,,,,,,,,,,,,0,
28,21,necessity,-25016.342008218926,0.0,128.82115340091795,8562.975459209021,1.0,42.0,34272.0,,,6456.0,368207.9447459879,393224.2867542068,1.1150000000000002,6456.0,,,,,,,,,,,,0,
29,21,necessity,656332.249783459,0.0,58.66297579596195,19801.65157991253,1.0,43.0,79717.0,,,6456.0,831669.3663563263,175337.11657286726,1.1600000000000001,6456.0,,,,,,,,,,,,0,
30,21,necessity,-28637.343007142656,0.0,137.23977608968926,8807.631900900706,1.0,42.0,45615.0,,,6456.0,378728.17173873034,407365.514745873,1.175,6456.0,,,,,,,,,,,,0,
31,21,necessity,710682.8778621666,0.0,60.56409075231256,21095.714153215093,1.0,43.0,53375.0,,,6456.0,886019.9944350339,175337.11657286726,1.23,6456.0,,,,,,,,,,,,0,
32,21,necessity,-9764.548146555782,0.0,140.60342475648878,9093.064416207671,1.0,42.0,37757.0,,,6456.0,391001.7698969299,400766.3180434857,1.265,6456.0,,,,,,,,,,,,0,
33,21,necessity,732398.5936550243,0.0,62.60099963411679,21612.75500542599,1.0,43.0,74242.0,,,6456.0,907735.7102278916,175337.11657286726,1.305,6456.0,,,,,,,,,,,,0,
34,21,necessity,-33888.78108337993,0.0,157.41244367965604,9398.88496832228,1.0,42.0,24927.0,,,6456.0,404152.053637858,438040.83472123794,1.3199999999999998,6456.0,,,,,,,,,,,,0,
35,21,necessity,840917.6198229921,0.0,64.23052673956018,24196.541342758555,1.0,43.0,80444.0,,,6456.0,1016254.7363958594,175337.11657286726,1.3649999999999998,6456.0,,,,,,,,,,,,0,
36,21,necessity,-5286.245355613588,0.0,155.46791774342992,9643.541410013966,1.0,42.0,27088.0,,,6456.0,414672.2806306005,419958.5259862141,1.3899999999999997,6456.0,,,,,,,,,,,,0,
37,21,necessity,828363.7603787163,0.0,66.67481739772525,23897.639927418655,1.0,43.0,65816.0,,,6456.0,1003700.8769515835,175337.11657286726,1.4549999999999996,6456.0,,,,,,,,,,,,0,
38,21,necessity,-26362.961869933177,0.0,175.4805832773923,10010.526072551495,1.0,42.0,22849.0,,,6456.0,430452.6211197142,456815.5829896474,1.4799999999999995,6456.0,,,,,,,,,,,,0,
39,21,necessity,957565.5290659774,0.0,68.8475202049831,26973.872515210587,1.0,43.0,55340.0,,,6456.0,1132902.6456388447,175337.11657286726,1.5349999999999995,6456.0,,,,,,,,,,,,0,
14,29,necessity,-137307.5246087382,0.0,151.49034342131162,6881.031437440324,1.0,40.0,27809.0,,,4333.0,282122.2889350533,419429.8135437915,0.5650000000000001,4333.0,,,,,,,,,,,,0,
15,29,necessity,481125.45021869865,0.0,65.93814878610397,16410.19145111358,1.0,41.0,71781.0,,,4333.0,656407.6580445432,175282.20782584458,0.6300000000000001,4333.0,,,,,,,,,,,,0,
16,29,necessity,-117224.86105654726,0.0,154.83188121935913,6968.536553419232,1.0,40.0,27197.0,,,4333.0,285709.9986901885,402934.8597467358,0.6650000000000001,4333.0,,,,,,,,,,,,0,
17,29,necessity,495604.3334976385,0.0,69.98343398770544,16772.163533087078,1.0,41.0,58560.0,,,4333.0,670886.5413234831,175282.20782584458,0.7300000000000002,4333.0,,,,,,,,,,,,0,
18,29,necessity,-112748.40798069577,0.0,168.4875446584931,7396.054133383601,1.0,40.0,26365.0,,,4333.0,303238.21946872765,415986.6274494234,0.7550000000000002,4333.0,,,,,,,,,,,,0,
19,29,necessity,554774.3231794061,0.0,72.81513362882647,18251.413275131265,1.0,41.0,48761.0,,,4333.0,730056.5310052506,175282.20782584458,0.8000000000000003,4333.0,,,,,,,,,,,,0,
20,29,necessity,-121072.90635961416,0.0,182.87428979799222,7695.316439358661,1.0,40.0,19701.0,,,4333.0,315507.9740137051,436580.88037331926,0.8150000000000003,4333.0,,,,,,,,,,,,0,
21,29,necessity,617112.0898688557,0.0,75.24230474978737,19809.85744236751,1.0,41.0,65214.0,,,4333.0,792394.2976947003,175282.20782584458,0.8600000000000003,4333.0,,,,,,,,,,,,0,
22,29,necessity,-82208.01567666,0.0,176.65283380305527,7951.826987337284,1.0,40.0,29059.0,,,4333.0,326024.90648082865,408232.92215748865,0.8750000000000003,4333.0,,,,,,,,,,,,0,
23,29,necessity,590154.521042794,0.0,78.07400439090839,19135.91822171596,1.0,41.0,65061.0,,,4333.0,765436.7288686385,175282.20782584458,0.9300000000000004,4333.0,,,,,,,,,,,,0,
24,29,necessity,-77226.08637195191,0.0,188.4371725013056,8251.089293312343,1.0,40.0,24335.0,,,4333.0,338294.66102580604,415520.74739775795,0.9650000000000004,4333.0,,,,,,,,,,,,0,
25,29,necessity,641216.0606223126,0.0,82.11928959250986,20412.45671120393,1.0,41.0,54124.0,,,4333.0,816498.2684481572,175282.20782584458,1.0300000000000005,4333.0,,,,,,,,,,,,0,
26,29,necessity,-63914.17684773862,0.0,199.06754104107202,8678.606873276713,1.0,40.0,23200.0,,,4333.0,355822.88180434523,419737.05865208386,1.0550000000000004,4333.0,,,,,,,,,,,,0,
27,29,necessity,687277.4475051204,0.0,84.95098923363089,21563.991383274126,1.0,41.0,49931.0,,,4333.0,862559.6553309651,175282.20782584458,1.1000000000000003,4333.0,,,,,,,,,,,,0,
28,29,necessity,-72482.20154496626,0.0,215.05095359597743,8977.869179251773,1.0,40.0,20922.0,,,4333.0,368092.6363493227,440574.83789428894,1.1150000000000002,4333.0,,,,,,,,,,,,0,
29,29,necessity,756533.5741055256,0.0,87.37816035459176,23295.394548284257,1.0,41.0,50197.0,,,4333.0,931815.7819313703,175282.20782584458,1.1600000000000001,4333.0,,,,,,,,,,,,0,
30,29,necessity,-66313.53047961264,0.0,224.36117510674524,9234.379727230391,1.0,40.0,14010.0,,,4333.0,378609.56881644606,444923.0992960587,1.185,4333.0,,,,,,,,,,,,0,
31,29,necessity,796874.7639116824,0.0,90.61438851587295,24303.924293438176,1.0,41.0,39172.0,,,4333.0,972156.971737527,175282.20782584458,1.24,4333.0,,,,,,,,,,,,0,
32,29,necessity,-53868.795507039176,0.0,232.37009499228566,9576.39379120189,1.0,40.0,18001.0,,,4333.0,392632.14543927746,446500.94094631664,1.255,4333.0,,,,,,,,,,,,0,
33,29,necessity,831577.4137757292,0.0,93.04155963683381,25171.490540039344,1.0,41.0,44671.0,,,4333.0,1006859.6216015738,175282.20782584458,1.2999999999999998,4333.0,,,,,,,,,,,,0,
34,29,necessity,3168.6413040246116,0.0,213.69829460438555,9832.90433918051,1.0,40.0,17820.0,,,4333.0,403149.0779064009,399980.4366023763,1.3149999999999997,4333.0,,,,,,,,,,,,0,
35,29,necessity,750672.5026949581,0.0,95.87325927795483,23148.867763020065,1.0,41.0,55685.0,,,4333.0,925954.7105208026,175282.20782584458,1.3699999999999997,4333.0,,,,,,,,,,,,0,
36,29,necessity,16100.729912956129,0.0,221.63859598044456,10132.166645155568,1.0,40.0,24856.0,,,4333.0,415418.8324513783,399318.10253842216,1.4049999999999996,4333.0,,,,,,,,,,,,0,
37,29,necessity,785077.8285574217,0.0,99.9185444795563,24009.000909581657,1.0,41.0,45031.0,,,4333.0,960360.0363832663,175282.20782584458,1.4699999999999995,4333.0,,,,,,,,,,,,0,
38,29,necessity,22384.486425930227,0.0,237.35500337102073,10559.684225119938,1.0,40.0,18344.0,,,4333.0,432947.0532299175,410562.56680398725,1.5049999999999994,4333.0,,,,,,,,,,,,0,
39,29,necessity,853177.0217807882,0.0,103.96382968115776,25711.48074016582,1.0,41.0,38577.0,,,4333.0,1028459.2296066328,175282.20782584458,1.5699999999999994,4333.0,,,,,,,,,,,,0,
19,49,luxury,-1182736.1881185446,325.0,53995.66032521622,19725.637716180838,0.1,29.0,25.0,,,349.0,591769.1314854252,1774505.3196039698,0.06499999999999996,35.0,,,,,,,,,,,,0,
20,49,luxury,209995.787374852,335.0,32894.13271625646,46547.983038979495,0.1,30.0,18.0,,,349.0,1349891.5081304053,1139895.7207555533,0.01,35.0,,,,,,,,,,,,0,
21,49,luxury,-1661207.1430563547,352.0,65023.84234984624,19736.479629753878,0.1,29.0,31.0,,,349.0,592094.3888926164,2253301.531948971,0.01,35.0,,,,,,,,,,,,0,
22,49,luxury,875843.3920896803,356.0,32894.13271625646,69508.2452705253,0.1,30.0,26.0,,,349.0,2015739.1128452336,1139895.7207555533,0.01,35.0,,,,,,,,,,,,0,
23,49,luxury,-1388769.2311483333,365.0,64755.90810950867,28508.248354088933,0.1,29.0,20.0,,,349.0,855247.450622668,2244016.6817710013,0.01,35.0,,,,,,,,,,,,0,
24,49,luxury,155222.44143462018,380.0,32894.13271625646,44659.24697207495,0.1,30.0,33.0,,,349.0,1295118.1621901735,1139895.7207555533,0.01,35.0,,,,,,,,,,,,0,
25,49,luxury,-1147029.3949108343,382.0,64424.601939090535,36183.545987882106,0.1,29.0,16.0,,,349.0,1085506.3796364632,2232535.7745472975,0.01,35.0,,,,,,,,,,,,0,
26,49,luxury,-109102.08973010478,401.0,32894.13271625646,35544.607966394775,0.1,28.0,56.0,,,349.0,1030793.6310254486,1139895.7207555533,0.01,35.0,,,,,,,,,,,,0,
27,49,luxury,1365330.340663581,380.0,13757.385388681814,65788.26543251293,0.1,29.0,97.0,,,349.0,1842071.432110362,476741.09144678107,0.01,35.0,,,,,,,,,,,,0,
28,49,luxury,171537.52687661396,318.0,34057.20123325597,46016.08216214262,0.1,28.0,34.0,,,349.0,1334466.382702136,1162928.855825522,0.025,35.0,,,,,,,,,,,,0,
29,49,luxury,681203.7504839217,319.0,14166.020598246621,41355.17292609653,0.1,27.0,147.0,,,349.0,1157944.8419307028,476741.09144678107,0.04000000000000001,35.0,,,,,,,,,,,,0,
30,49,luxury,-2274586.4407283114,207.0,131332.1676604365,77126.11214600939,0.1,28.0,8.0,,,349.0,2082405.0279422533,4356991.468670565,0.05500000000000001,35.0,,,,,,,,,,,,0,
31,49,luxury,396777.6733926734,234.0,19055.92120550611,37523.47647441043,0.1,27.0,155.0,,,349.0,1050657.341283492,653879.6678908187,0.02000000000000001,35.0,,,,,,,,,,,,0,
32,49,luxury,-1403323.6818171176,114.0,127597.603651135,109395.10321679433,0.1,28.0,11.0,,,349.0,2953667.786853447,4356991.468670565,0.025000000000000012,35.0,,,,,,,,,,,,0,
33,49,luxury,725940.8670674438,138.0,19554.545179184184,50127.63000580303,0.1,27.0,170.0,,,349.0,1403573.640162485,677632.7730950412,0.01,35.0,,,,,,,,,,,,0,
39,49,luxury,1083272.0302595668,110.0,24738.48576136139,74636.3966850075,0.1,27.0,36.0,,,349.0,1940546.3138101948,857274.283550628,0.01,35.0,,,,,,,,,,,,0,
