data/saved_data/run_2025_05_03_1652_all_necessities_randomly_selected/firm_data.csv
Step,AgentID,FirmType,Profit,Inventory,ProductPrice,RevenuePerEmployee,ProductionLevel,NumEmployees,DemandReceived,InventoryDemandRatio,SellThroughRate,ProductionCapacity,Revenue,Costs,Markup,ProducedUnits,IncomeBracket,NumPeople,SpendRatio,PostTaxIncome,HouseholdExpense,HouseholdSavings,HealthLevel,Welfare,SkillLevel,SkillType,JobLevel,IsEmployed,Wage
31,53,luxury,563047.9922345208,81.0,3283.66660564457,35112.64305491458,1.0,31.0,686.0,,,221.0,1053379.2916474375,490331.2994129167,0.4800000000000001,221.0,,,,,,,,,,,,0,
32,53,luxury,-192782.75823858893,0.0,8119.6463922731955,31989.268222730974,1.0,30.0,229.0,,,221.0,991667.3149046602,1184450.0731432491,0.5150000000000001,221.0,,,,,,,,,,,,0,
33,53,luxury,1304110.5532794595,0.0,3505.5359708908254,59814.72842307921,1.0,31.0,711.0,,,221.0,1794441.8526923761,490331.2994129167,0.5800000000000001,221.0,,,,,,,,,,,,0,
34,53,luxury,-447956.6179526354,0.0,8824.319904385951,24991.079018286207,1.0,30.0,87.0,,,221.0,774723.4495668724,1222680.0675195078,0.5950000000000001,221.0,,,,,,,,,,,,0,
35,53,luxury,277384.532268661,134.0,3461.1620978415745,25590.527722719256,1.0,31.0,665.0,,,221.0,767715.8316815777,490331.2994129167,0.56,221.0,,,,,,,,,,,,0,
36,53,luxury,41622.982052796986,0.0,8513.741847672321,39635.88853979868,1.0,32.0,153.0,,,221.0,1228712.544733759,1187089.562680962,0.5850000000000001,221.0,,,,,,,,,,,,0,
37,53,luxury,-1036206.2788010777,68.0,17038.380638771392,40706.32820918329,1.0,33.0,120.0,,,221.0,1302602.5026938652,2338808.781494943,0.6100000000000001,221.0,,,,,,,,,,,,0,
38,53,luxury,-974087.3952373192,169.0,21649.90270269487,61957.747777350516,1.0,34.0,94.0,,,221.0,2044605.676652567,3018693.071889886,0.5850000000000001,221.0,,,,,,,,,,,,0,
39,53,luxury,-1759397.9557647575,296.0,26269.537795258453,59855.613354509354,1.0,33.0,88.0,,,221.0,2035090.854053318,3794488.8098180755,0.53,221.0,,,,,,,,,,,,0,
